Archive member included because of file (symbol)

c:/program files (x86)/atollic/truestudio for arm lite 5.3.0/armtools/bin/../lib/gcc/arm-atollic-eabi/4.8.3/../../../../arm-atollic-eabi/lib/armv7e-m/fpu\libc_s.a(lib_a-init.o)
                              src\startup_stm32f40xx.o (__libc_init_array)
c:/program files (x86)/atollic/truestudio for arm lite 5.3.0/armtools/bin/../lib/gcc/arm-atollic-eabi/4.8.3/../../../../arm-atollic-eabi/lib/armv7e-m/fpu\libc_s.a(lib_a-strlen.o)
                              src\tiny_printf.o (strlen)
c:/program files (x86)/atollic/truestudio for arm lite 5.3.0/armtools/bin/../lib/gcc/arm-atollic-eabi/4.8.3/../../../../arm-atollic-eabi/lib/armv7e-m/fpu\libc_s.a(lib_a-syscalls.o)
                              src\tiny_printf.o (_write)
c:/program files (x86)/atollic/truestudio for arm lite 5.3.0/armtools/bin/../lib/gcc/arm-atollic-eabi/4.8.3/../../../../arm-atollic-eabi/lib/armv7e-m/fpu\libc_s.a(lib_a-reent.o)
                              c:/program files (x86)/atollic/truestudio for arm lite 5.3.0/armtools/bin/../lib/gcc/arm-atollic-eabi/4.8.3/../../../../arm-atollic-eabi/lib/armv7e-m/fpu\libc_s.a(lib_a-syscalls.o) (errno)
c:/program files (x86)/atollic/truestudio for arm lite 5.3.0/armtools/bin/../lib/gcc/arm-atollic-eabi/4.8.3/../../../../arm-atollic-eabi/lib/armv7e-m/fpu\libc_s.a(lib_a-impure.o)
                              c:/program files (x86)/atollic/truestudio for arm lite 5.3.0/armtools/bin/../lib/gcc/arm-atollic-eabi/4.8.3/../../../../arm-atollic-eabi/lib/armv7e-m/fpu\libc_s.a(lib_a-reent.o) (_impure_ptr)
c:/program files (x86)/atollic/truestudio for arm lite 5.3.0/armtools/bin/../lib/gcc/arm-atollic-eabi/4.8.3/../../../../arm-atollic-eabi/lib/armv7e-m/fpu\libc_s.a(lib_a-nano-freer.o)
                              c:/program files (x86)/atollic/truestudio for arm lite 5.3.0/armtools/bin/../lib/gcc/arm-atollic-eabi/4.8.3/../../../../arm-atollic-eabi/lib/armv7e-m/fpu\libc_s.a(lib_a-reent.o) (_free_r)
c:/program files (x86)/atollic/truestudio for arm lite 5.3.0/armtools/bin/../lib/gcc/arm-atollic-eabi/4.8.3/../../../../arm-atollic-eabi/lib/armv7e-m/fpu\libc_s.a(lib_a-nano-mallocr.o)
                              c:/program files (x86)/atollic/truestudio for arm lite 5.3.0/armtools/bin/../lib/gcc/arm-atollic-eabi/4.8.3/../../../../arm-atollic-eabi/lib/armv7e-m/fpu\libc_s.a(lib_a-nano-freer.o) (__malloc_free_list)
c:/program files (x86)/atollic/truestudio for arm lite 5.3.0/armtools/bin/../lib/gcc/arm-atollic-eabi/4.8.3/../../../../arm-atollic-eabi/lib/armv7e-m/fpu\libc_s.a(lib_a-sbrkr.o)
                              c:/program files (x86)/atollic/truestudio for arm lite 5.3.0/armtools/bin/../lib/gcc/arm-atollic-eabi/4.8.3/../../../../arm-atollic-eabi/lib/armv7e-m/fpu\libc_s.a(lib_a-nano-mallocr.o) (_sbrk_r)
c:/program files (x86)/atollic/truestudio for arm lite 5.3.0/armtools/bin/../lib/gcc/arm-atollic-eabi/4.8.3/../../../../arm-atollic-eabi/lib/armv7e-m/fpu\libm.a(lib_a-w_atan2.o)
                              src\main.o (atan2)
c:/program files (x86)/atollic/truestudio for arm lite 5.3.0/armtools/bin/../lib/gcc/arm-atollic-eabi/4.8.3/../../../../arm-atollic-eabi/lib/armv7e-m/fpu\libm.a(lib_a-w_pow.o)
                              src\main.o (pow)
c:/program files (x86)/atollic/truestudio for arm lite 5.3.0/armtools/bin/../lib/gcc/arm-atollic-eabi/4.8.3/../../../../arm-atollic-eabi/lib/armv7e-m/fpu\libm.a(lib_a-w_sqrt.o)
                              src\main.o (sqrt)
c:/program files (x86)/atollic/truestudio for arm lite 5.3.0/armtools/bin/../lib/gcc/arm-atollic-eabi/4.8.3/../../../../arm-atollic-eabi/lib/armv7e-m/fpu\libm.a(lib_a-e_atan2.o)
                              c:/program files (x86)/atollic/truestudio for arm lite 5.3.0/armtools/bin/../lib/gcc/arm-atollic-eabi/4.8.3/../../../../arm-atollic-eabi/lib/armv7e-m/fpu\libm.a(lib_a-w_atan2.o) (__ieee754_atan2)
c:/program files (x86)/atollic/truestudio for arm lite 5.3.0/armtools/bin/../lib/gcc/arm-atollic-eabi/4.8.3/../../../../arm-atollic-eabi/lib/armv7e-m/fpu\libm.a(lib_a-e_pow.o)
                              c:/program files (x86)/atollic/truestudio for arm lite 5.3.0/armtools/bin/../lib/gcc/arm-atollic-eabi/4.8.3/../../../../arm-atollic-eabi/lib/armv7e-m/fpu\libm.a(lib_a-w_pow.o) (__ieee754_pow)
c:/program files (x86)/atollic/truestudio for arm lite 5.3.0/armtools/bin/../lib/gcc/arm-atollic-eabi/4.8.3/../../../../arm-atollic-eabi/lib/armv7e-m/fpu\libm.a(lib_a-e_sqrt.o)
                              c:/program files (x86)/atollic/truestudio for arm lite 5.3.0/armtools/bin/../lib/gcc/arm-atollic-eabi/4.8.3/../../../../arm-atollic-eabi/lib/armv7e-m/fpu\libm.a(lib_a-w_sqrt.o) (__ieee754_sqrt)
c:/program files (x86)/atollic/truestudio for arm lite 5.3.0/armtools/bin/../lib/gcc/arm-atollic-eabi/4.8.3/../../../../arm-atollic-eabi/lib/armv7e-m/fpu\libm.a(lib_a-s_atan.o)
[...]
Memory Configuration

Name             Origin             Length             Attributes
FLASH            0x08000000         0x00100000         xr
RAM              0x20000000         0x00020000         xrw
MEMORY_B1        0x60000000         0x00000000         xr
CCMRAM           0x10000000         0x00010000         rw
*default*        0x00000000         0xffffffff

Linker script and memory map

LOAD c:/program files (x86)/atollic/truestudio for arm lite 5.3.0/armtools/bin/../lib/gcc/arm-atollic-eabi/4.8.3/armv7e-m/fpu/crti.o
LOAD c:/program files (x86)/atollic/truestudio for arm lite 5.3.0/armtools/bin/../lib/gcc/arm-atollic-eabi/4.8.3/armv7e-m/fpu/crtbegin.o
LOAD src\tiny_printf.o
LOAD src\system_stm32f4xx.o
LOAD src\stm32f4xx_it.o
LOAD src\startup_stm32f40xx.o
LOAD src\main.o
LOAD src\codec.o
LOAD Utilities\STM32F4-Discovery\stm32f4_discovery_lis302dl.o
LOAD Utilities\STM32F4-Discovery\stm32f4_discovery_audio_codec.o
LOAD Utilities\STM32F4-Discovery\stm32f4_discovery.o
LOAD Libraries\STM32F4xx_StdPeriph_Driver\src\stm32f4xx_wwdg.o
LOAD Libraries\STM32F4xx_StdPeriph_Driver\src\stm32f4xx_usart.o
LOAD Libraries\STM32F4xx_StdPeriph_Driver\src\stm32f4xx_tim.o
LOAD Libraries\STM32F4xx_StdPeriph_Driver\src\stm32f4xx_syscfg.o
LOAD Libraries\STM32F4xx_StdPeriph_Driver\src\stm32f4xx_spi.o
LOAD Libraries\STM32F4xx_StdPeriph_Driver\src\stm32f4xx_sdio.o
LOAD Libraries\STM32F4xx_StdPeriph_Driver\src\stm32f4xx_rtc.o
LOAD Libraries\STM32F4xx_StdPeriph_Driver\src\stm32f4xx_rng.o
LOAD Libraries\STM32F4xx_StdPeriph_Driver\src\stm32f4xx_rcc.o
LOAD Libraries\STM32F4xx_StdPeriph_Driver\src\stm32f4xx_pwr.o
LOAD Libraries\STM32F4xx_StdPeriph_Driver\src\stm32f4xx_iwdg.o
LOAD Libraries\STM32F4xx_StdPeriph_Driver\src\stm32f4xx_i2c.o
LOAD Libraries\STM32F4xx_StdPeriph_Driver\src\stm32f4xx_hash_sha1.o
LOAD Libraries\STM32F4xx_StdPeriph_Driver\src\stm32f4xx_hash_md5.o
LOAD Libraries\STM32F4xx_StdPeriph_Driver\src\stm32f4xx_hash.o
LOAD Libraries\STM32F4xx_StdPeriph_Driver\src\stm32f4xx_gpio.o
LOAD Libraries\STM32F4xx_StdPeriph_Driver\src\stm32f4xx_fsmc.o
LOAD Libraries\STM32F4xx_StdPeriph_Driver\src\stm32f4xx_flash.o
LOAD Libraries\STM32F4xx_StdPeriph_Driver\src\stm32f4xx_exti.o
LOAD Libraries\STM32F4xx_StdPeriph_Driver\src\stm32f4xx_dma.o
LOAD Libraries\STM32F4xx_StdPeriph_Driver\src\stm32f4xx_dcmi.o
LOAD Libraries\STM32F4xx_StdPeriph_Driver\src\stm32f4xx_dbgmcu.o
LOAD Libraries\STM32F4xx_StdPeriph_Driver\src\stm32f4xx_dac.o
LOAD Libraries\STM32F4xx_StdPeriph_Driver\src\stm32f4xx_cryp_tdes.o
LOAD Libraries\STM32F4xx_StdPeriph_Driver\src\stm32f4xx_cryp_des.o
LOAD Libraries\STM32F4xx_StdPeriph_Driver\src\stm32f4xx_cryp_aes.o
LOAD Libraries\STM32F4xx_StdPeriph_Driver\src\stm32f4xx_cryp.o
LOAD Libraries\STM32F4xx_StdPeriph_Driver\src\stm32f4xx_crc.o
LOAD Libraries\STM32F4xx_StdPeriph_Driver\src\stm32f4xx_can.o
LOAD Libraries\STM32F4xx_StdPeriph_Driver\src\stm32f4xx_adc.o
LOAD Libraries\STM32F4xx_StdPeriph_Driver\src\misc.o
START GROUP
LOAD c:/program files (x86)/atollic/truestudio for arm lite 5.3.0/armtools/bin/../lib/gcc/arm-atollic-eabi/4.8.3/../../../../arm-atollic-eabi/lib/armv7e-m/fpu\libc_s.a
LOAD c:/program files (x86)/atollic/truestudio for arm lite 5.3.0/armtools/bin/../lib/gcc/arm-atollic-eabi/4.8.3/../../../../arm-atollic-eabi/lib/armv7e-m/fpu\libm.a
END GROUP
                0x00001000                malloc_getpagesize_P = 0x1000
START GROUP
LOAD c:/program files (x86)/atollic/truestudio for arm lite 5.3.0/armtools/bin/../lib/gcc/arm-atollic-eabi/4.8.3/armv7e-m/fpu\libgcc.a
LOAD c:/program files (x86)/atollic/truestudio for arm lite 5.3.0/armtools/bin/../lib/gcc/arm-atollic-eabi/4.8.3/../../../../arm-atollic-eabi/lib/armv7e-m/fpu\libc.a
END GROUP
LOAD c:/program files (x86)/atollic/truestudio for arm lite 5.3.0/armtools/bin/../lib/gcc/arm-atollic-eabi/4.8.3/armv7e-m/fpu/crtend.o
LOAD c:/program files (x86)/atollic/truestudio for arm lite 5.3.0/armtools/bin/../lib/gcc/arm-atollic-eabi/4.8.3/armv7e-m/fpu/crtn.o
                0x20020000                _estack = 0x20020000
                0x00000000                _Min_Heap_Size = 0x0
                0x00000400                _Min_Stack_Size = 0x400

.isr_vector     0x08000000      0x188
                0x08000000                . = ALIGN (0x4)
 *(.isr_vector)
 .isr_vector    0x08000000      0x188 src\startup_stm32f40xx.o
                0x08000000                g_pfnVectors
                0x08000188                . = ALIGN (0x4)

.text           0x08000188     0x4ac4
                0x08000188                . = ALIGN (0x4)
 *(.text)
 .text          0x08000188       0x40 c:/program files (x86)/atollic/truestudio for arm lite 5.3.0/armtools/bin/../lib/gcc/arm-atollic-eabi/4.8.3/armv7e-m/fpu/crtbegin.o
 .text          0x080001c8      0x370 c:/program files (x86)/atollic/truestudio for arm lite 5.3.0/armtools/bin/../lib/gcc/arm-atollic-eabi/4.8.3/armv7e-m/fpu\libgcc.a(_arm_addsubdf3.o)
                0x080001c8                __aeabi_drsub
                0x080001d0                __aeabi_dsub
                0x080001d0                __subdf3
                0x080001d4                __aeabi_dadd
                0x080001d4                __adddf3
                0x0800044c                __floatunsidf
                0x0800044c                __aeabi_ui2d
                0x0800046c                __floatsidf
                0x0800046c                __aeabi_i2d
                0x08000490                __aeabi_f2d
                0x08000490                __extendsfdf2
                0x080004cc                __floatundidf
                0x080004cc                __aeabi_ul2d
                0x080004dc                __floatdidf
                0x080004dc                __aeabi_l2d
 .text          0x08000538      0x424 c:/program files (x86)/atollic/truestudio for arm lite 5.3.0/armtools/bin/../lib/gcc/arm-atollic-eabi/4.8.3/armv7e-m/fpu\libgcc.a(_arm_muldivdf3.o)
                0x08000538                __aeabi_dmul
                0x08000538                __muldf3
                0x0800078c                __divdf3
                0x0800078c                __aeabi_ddiv
 .text          0x0800095c      0x110 c:/program files (x86)/atollic/truestudio for arm lite 5.3.0/armtools/bin/../lib/gcc/arm-atollic-eabi/4.8.3/armv7e-m/fpu\libgcc.a(_arm_cmpdf2.o)
                0x0800095c                __gtdf2
                0x0800095c                __gedf2
                0x08000964                __ltdf2
                0x08000964                __ledf2
                0x0800096c                __nedf2
                0x0800096c                __eqdf2
                0x0800096c                __cmpdf2
                0x080009e8                __aeabi_cdrcmple
                0x080009f8                __aeabi_cdcmpeq
                0x080009f8                __aeabi_cdcmple
                0x08000a08                __aeabi_dcmpeq
                0x08000a1c                __aeabi_dcmplt
                0x08000a30                __aeabi_dcmple
                0x08000a44                __aeabi_dcmpge
                0x08000a58                __aeabi_dcmpgt
 .text          0x08000a6c       0x40 c:/program files (x86)/atollic/truestudio for arm lite 5.3.0/armtools/bin/../lib/gcc/arm-atollic-eabi/4.8.3/armv7e-m/fpu\libgcc.a(_arm_fixunsdfsi.o)
                0x08000a6c                __aeabi_d2uiz
                0x08000a6c                __fixunsdfsi
 .text          0x08000aac       0xa0 c:/program files (x86)/atollic/truestudio for arm lite 5.3.0/armtools/bin/../lib/gcc/arm-atollic-eabi/4.8.3/armv7e-m/fpu\libgcc.a(_arm_truncdfsf2.o)
                0x08000aac                __truncdfsf2
                0x08000aac                __aeabi_d2f
 *(.text*)
 .text.SystemInit
                0x08000b4c       0x68 src\system_stm32f4xx.o
                0x08000b4c                SystemInit
 .text.SetSysClock
                0x08000bb4       0xf4 src\system_stm32f4xx.o
 .text.NMI_Handler
                0x08000ca8        0xc src\stm32f4xx_it.o
                0x08000ca8                NMI_Handler
 .text.HardFault_Handler
                0x08000cb4        0x8 src\stm32f4xx_it.o
                0x08000cb4                HardFault_Handler
 .text.MemManage_Handler
                0x08000cbc        0x8 src\stm32f4xx_it.o
                0x08000cbc                MemManage_Handler
 .text.BusFault_Handler
                0x08000cc4        0x8 src\stm32f4xx_it.o
                0x08000cc4                BusFault_Handler
 .text.UsageFault_Handler
                0x08000ccc        0x8 src\stm32f4xx_it.o
                0x08000ccc                UsageFault_Handler
 .text.SVC_Handler
                0x08000cd4        0xc src\stm32f4xx_it.o
                0x08000cd4                SVC_Handler
 .text.DebugMon_Handler
                0x08000ce0        0xc src\stm32f4xx_it.o
                0x08000ce0                DebugMon_Handler
 .text.PendSV_Handler
                0x08000cec        0xc src\stm32f4xx_it.o
                0x08000cec                PendSV_Handler
 .text.SysTick_Handler
                0x08000cf8        0xc src\stm32f4xx_it.o
                0x08000cf8                SysTick_Handler
 .text.Reset_Handler
                0x08000d04       0x58 src\startup_stm32f40xx.o
                0x08000d04                Reset_Handler
 .text.Default_Handler
                0x08000d5c        0x4 src\startup_stm32f40xx.o
                0x08000d5c                RTC_Alarm_IRQHandler
                0x08000d5c                HASH_RNG_IRQHandler
                0x08000d5c                EXTI2_IRQHandler
                0x08000d5c                TIM8_CC_IRQHandler
                0x08000d5c                TIM1_CC_IRQHandler
                0x08000d5c                DMA2_Stream5_IRQHandler
                0x08000d5c                DMA1_Stream5_IRQHandler
                0x08000d5c                PVD_IRQHandler
                0x08000d5c                SDIO_IRQHandler
                0x08000d5c                TAMP_STAMP_IRQHandler
                0x08000d5c                CAN2_RX1_IRQHandler
                0x08000d5c                EXTI3_IRQHandler
                0x08000d5c                TIM8_TRG_COM_TIM14_IRQHandler
                0x08000d5c                TIM1_UP_TIM10_IRQHandler
                0x08000d5c                TIM8_UP_TIM13_IRQHandler
                0x08000d5c                I2C3_ER_IRQHandler
                0x08000d5c                EXTI0_IRQHandler
                0x08000d5c                I2C2_EV_IRQHandler
                0x08000d5c                DMA1_Stream2_IRQHandler
                0x08000d5c                CAN1_RX0_IRQHandler
                0x08000d5c                FPU_IRQHandler
                0x08000d5c                OTG_HS_WKUP_IRQHandler
                0x08000d5c                CAN2_SCE_IRQHandler
                0x08000d5c                DMA2_Stream2_IRQHandler
                0x08000d5c                SPI1_IRQHandler
                0x08000d5c                TIM6_DAC_IRQHandler
                0x08000d5c                TIM1_BRK_TIM9_IRQHandler
                0x08000d5c                DCMI_IRQHandler
                0x08000d5c                CAN2_RX0_IRQHandler
                0x08000d5c                DMA2_Stream3_IRQHandler
                0x08000d5c                USART6_IRQHandler
                0x08000d5c                USART3_IRQHandler
                0x08000d5c                CRYP_IRQHandler
                0x08000d5c                CAN1_RX1_IRQHandler
                0x08000d5c                UART5_IRQHandler
                0x08000d5c                DMA2_Stream0_IRQHandler
                0x08000d5c                TIM4_IRQHandler
                0x08000d5c                I2C1_EV_IRQHandler
                0x08000d5c                DMA1_Stream6_IRQHandler
                0x08000d5c                DMA1_Stream1_IRQHandler
                0x08000d5c                UART4_IRQHandler
                0x08000d5c                TIM3_IRQHandler
                0x08000d5c                RCC_IRQHandler
                0x08000d5c                TIM8_BRK_TIM12_IRQHandler
                0x08000d5c                Default_Handler
                0x08000d5c                EXTI15_10_IRQHandler
                0x08000d5c                ADC_IRQHandler
                0x08000d5c                TIM7_IRQHandler
                0x08000d5c                CAN2_TX_IRQHandler
                0x08000d5c                TIM5_IRQHandler
                0x08000d5c                DMA2_Stream7_IRQHandler
                0x08000d5c                I2C3_EV_IRQHandler
                0x08000d5c                EXTI9_5_IRQHandler
                0x08000d5c                RTC_WKUP_IRQHandler
                0x08000d5c                ETH_WKUP_IRQHandler
                0x08000d5c                SPI2_IRQHandler
                0x08000d5c                OTG_HS_EP1_IN_IRQHandler
                0x08000d5c                CAN1_TX_IRQHandler
                0x08000d5c                EXTI4_IRQHandler
                0x08000d5c                FSMC_IRQHandler
                0x08000d5c                ETH_IRQHandler
                0x08000d5c                OTG_HS_EP1_OUT_IRQHandler
                0x08000d5c                WWDG_IRQHandler
                0x08000d5c                TIM2_IRQHandler
                0x08000d5c                OTG_FS_WKUP_IRQHandler
                0x08000d5c                TIM1_TRG_COM_TIM11_IRQHandler
                0x08000d5c                OTG_HS_IRQHandler
                0x08000d5c                EXTI1_IRQHandler
                0x08000d5c                USART2_IRQHandler
                0x08000d5c                I2C2_ER_IRQHandler
                0x08000d5c                DMA2_Stream1_IRQHandler
                0x08000d5c                CAN1_SCE_IRQHandler
                0x08000d5c                FLASH_IRQHandler
                0x08000d5c                DMA2_Stream4_IRQHandler
                0x08000d5c                USART1_IRQHandler
                0x08000d5c                OTG_FS_IRQHandler
                0x08000d5c                DMA1_Stream4_IRQHandler
                0x08000d5c                I2C1_ER_IRQHandler
                0x08000d5c                DMA2_Stream6_IRQHandler
                0x08000d5c                DMA1_Stream3_IRQHandler
 .text.setNoteFrequency
                0x08000d60       0xa8 src\main.o
                0x08000d60                setNoteFrequency
 .text.updatePitchAndSpeed
                0x08000e08      0x480 src\main.o
                0x08000e08                updatePitchAndSpeed
 .text.checkAcc
                0x08001288      0x1e0 src\main.o
                0x08001288                checkAcc
 .text.peripheralInit
                0x08001468       0x58 src\main.o
                0x08001468                peripheralInit
 .text.main     0x080014c0      0x160 src\main.o
                0x080014c0                main
 .text.generateNote
                0x08001620      0x348 src\main.o
                0x08001620                generateNote
 .text.RCC_Configuration
                0x08001968       0x24 src\main.o
                0x08001968                RCC_Configuration
 .text.GPIO_Configuration
                0x0800198c       0x74 src\main.o
                0x0800198c                GPIO_Configuration
 .text.SPI_Configuration
                0x08001a00       0x4c src\main.o
                0x08001a00                SPI_Configuration
 .text.writeAccelByte
                0x08001a4c       0xa4 src\main.o
                0x08001a4c                writeAccelByte
 .text.RNG_Configuration
                0x08001af0        0xc src\main.o
                0x08001af0                RNG_Configuration
 .text.delay_ms
                0x08001afc       0x2c src\main.o
                0x08001afc                delay_ms
 .text.EVAL_AUDIO_TransferComplete_CallBack
                0x08001b28       0x18 src\main.o
                0x08001b28                EVAL_AUDIO_TransferComplete_CallBack
 .text.EVAL_AUDIO_GetSampleCallBack
                0x08001b40       0x14 src\main.o
                0x08001b40                EVAL_AUDIO_GetSampleCallBack
 .text.codec_init
                0x08001b54      0x178 src\codec.o
                0x08001b54                codec_init
 .text.codec_ctrl_init
                0x08001ccc      0x164 src\codec.o
                0x08001ccc                codec_ctrl_init
 .text.send_codec_ctrl
                0x08001e30       0xb8 src\codec.o
                0x08001e30                send_codec_ctrl
 .text.read_codec_register
                0x08001ee8      0x104 src\codec.o
                0x08001ee8                read_codec_register
 .text.Audio_MAL_IRQHandler
                0x08001fec       0xf8 Utilities\STM32F4-Discovery\stm32f4_discovery_audio_codec.o
 .text.DMA1_Stream7_IRQHandler
                0x080020e4        0xc Utilities\STM32F4-Discovery\stm32f4_discovery_audio_codec.o
                0x080020e4                DMA1_Stream7_IRQHandler
 .text.DMA1_Stream0_IRQHandler
                0x080020f0        0xc Utilities\STM32F4-Discovery\stm32f4_discovery_audio_codec.o
                0x080020f0                DMA1_Stream0_IRQHandler
 .text.SPI3_IRQHandler
                0x080020fc       0x40 Utilities\STM32F4-Discovery\stm32f4_discovery_audio_codec.o
                0x080020fc                SPI3_IRQHandler
 .text.STM_EVAL_LEDInit
                0x0800213c       0x5c Utilities\STM32F4-Discovery\stm32f4_discovery.o
                0x0800213c                STM_EVAL_LEDInit
 .text.STM_EVAL_PBInit
                0x08002198       0x94 Utilities\STM32F4-Discovery\stm32f4_discovery.o
                0x08002198                STM_EVAL_PBInit
 .text.SYSCFG_EXTILineConfig
                0x0800222c       0x7c Libraries\STM32F4xx_StdPeriph_Driver\src\stm32f4xx_syscfg.o
                0x0800222c                SYSCFG_EXTILineConfig
 .text.SPI_I2S_DeInit
                0x080022a8       0xd8 Libraries\STM32F4xx_StdPeriph_Driver\src\stm32f4xx_spi.o
                0x080022a8                SPI_I2S_DeInit
 .text.SPI_Init
                0x08002380       0x88 Libraries\STM32F4xx_StdPeriph_Driver\src\stm32f4xx_spi.o
                0x08002380                SPI_Init
 .text.I2S_Init
                0x08002408      0x1b0 Libraries\STM32F4xx_StdPeriph_Driver\src\stm32f4xx_spi.o
                0x08002408                I2S_Init
 .text.SPI_Cmd  0x080025b8       0x40 Libraries\STM32F4xx_StdPeriph_Driver\src\stm32f4xx_spi.o
                0x080025b8                SPI_Cmd
 .text.I2S_Cmd  0x080025f8       0x40 Libraries\STM32F4xx_StdPeriph_Driver\src\stm32f4xx_spi.o
                0x080025f8                I2S_Cmd
 .text.SPI_I2S_ReceiveData
                0x08002638       0x1c Libraries\STM32F4xx_StdPeriph_Driver\src\stm32f4xx_spi.o
                0x08002638                SPI_I2S_ReceiveData
 .text.SPI_I2S_SendData
                0x08002654       0x1c Libraries\STM32F4xx_StdPeriph_Driver\src\stm32f4xx_spi.o
                0x08002654                SPI_I2S_SendData
 .text.SPI_I2S_GetFlagStatus
                0x08002670       0x38 Libraries\STM32F4xx_StdPeriph_Driver\src\stm32f4xx_spi.o
                0x08002670                SPI_I2S_GetFlagStatus
 .text.RNG_Cmd  0x080026a8       0x38 Libraries\STM32F4xx_StdPeriph_Driver\src\stm32f4xx_rng.o
                0x080026a8                RNG_Cmd
 .text.RNG_GetRandomNumber
                0x080026e0       0x18 Libraries\STM32F4xx_StdPeriph_Driver\src\stm32f4xx_rng.o
                0x080026e0                RNG_GetRandomNumber
 .text.RNG_GetFlagStatus
                0x080026f8       0x38 Libraries\STM32F4xx_StdPeriph_Driver\src\stm32f4xx_rng.o
                0x080026f8                RNG_GetFlagStatus
 .text.RNG_ClearFlag
                0x08002730       0x24 Libraries\STM32F4xx_StdPeriph_Driver\src\stm32f4xx_rng.o
                0x08002730                RNG_ClearFlag
 .text.RCC_PLLI2SCmd
                0x08002754       0x20 Libraries\STM32F4xx_StdPeriph_Driver\src\stm32f4xx_rcc.o
                0x08002754                RCC_PLLI2SCmd
 .text.RCC_GetClocksFreq
                0x08002774      0x154 Libraries\STM32F4xx_StdPeriph_Driver\src\stm32f4xx_rcc.o
                0x08002774                RCC_GetClocksFreq
 .text.RCC_AHB1PeriphClockCmd
                0x080028c8       0x3c Libraries\STM32F4xx_StdPeriph_Driver\src\stm32f4xx_rcc.o
                0x080028c8                RCC_AHB1PeriphClockCmd
 .text.RCC_AHB2PeriphClockCmd
                0x08002904       0x3c Libraries\STM32F4xx_StdPeriph_Driver\src\stm32f4xx_rcc.o
                0x08002904                RCC_AHB2PeriphClockCmd
 .text.RCC_APB1PeriphClockCmd
                0x08002940       0x3c Libraries\STM32F4xx_StdPeriph_Driver\src\stm32f4xx_rcc.o
                0x08002940                RCC_APB1PeriphClockCmd
 .text.RCC_APB2PeriphClockCmd
                0x0800297c       0x3c Libraries\STM32F4xx_StdPeriph_Driver\src\stm32f4xx_rcc.o
                0x0800297c                RCC_APB2PeriphClockCmd
 .text.RCC_APB1PeriphResetCmd
                0x080029b8       0x3c Libraries\STM32F4xx_StdPeriph_Driver\src\stm32f4xx_rcc.o
                0x080029b8                RCC_APB1PeriphResetCmd
 .text.RCC_APB2PeriphResetCmd
                0x080029f4       0x3c Libraries\STM32F4xx_StdPeriph_Driver\src\stm32f4xx_rcc.o
                0x080029f4                RCC_APB2PeriphResetCmd
 .text.I2C_DeInit
                0x08002a30       0x74 Libraries\STM32F4xx_StdPeriph_Driver\src\stm32f4xx_i2c.o
                0x08002a30                I2C_DeInit
 .text.I2C_Init
                0x08002aa4      0x184 Libraries\STM32F4xx_StdPeriph_Driver\src\stm32f4xx_i2c.o
                0x08002aa4                I2C_Init
 .text.I2C_Cmd  0x08002c28       0x40 Libraries\STM32F4xx_StdPeriph_Driver\src\stm32f4xx_i2c.o
                0x08002c28                I2C_Cmd
 .text.I2C_GenerateSTART
                0x08002c68       0x40 Libraries\STM32F4xx_StdPeriph_Driver\src\stm32f4xx_i2c.o
                0x08002c68                I2C_GenerateSTART
 .text.I2C_GenerateSTOP
                0x08002ca8       0x40 Libraries\STM32F4xx_StdPeriph_Driver\src\stm32f4xx_i2c.o
                0x08002ca8                I2C_GenerateSTOP
 .text.I2C_Send7bitAddress
                0x08002ce8       0x3c Libraries\STM32F4xx_StdPeriph_Driver\src\stm32f4xx_i2c.o
                0x08002ce8                I2C_Send7bitAddress
 .text.I2C_AcknowledgeConfig
                0x08002d24       0x40 Libraries\STM32F4xx_StdPeriph_Driver\src\stm32f4xx_i2c.o
                0x08002d24                I2C_AcknowledgeConfig
 .text.I2C_SendData
                0x08002d64       0x20 Libraries\STM32F4xx_StdPeriph_Driver\src\stm32f4xx_i2c.o
                0x08002d64                I2C_SendData
 .text.I2C_ReceiveData
                0x08002d84       0x1c Libraries\STM32F4xx_StdPeriph_Driver\src\stm32f4xx_i2c.o
                0x08002d84                I2C_ReceiveData
 .text.I2C_CheckEvent
                0x08002da0       0x60 Libraries\STM32F4xx_StdPeriph_Driver\src\stm32f4xx_i2c.o
                0x08002da0                I2C_CheckEvent
 .text.I2C_GetFlagStatus
                0x08002e00       0x68 Libraries\STM32F4xx_StdPeriph_Driver\src\stm32f4xx_i2c.o
                0x08002e00                I2C_GetFlagStatus
 .text.GPIO_Init
                0x08002e68      0x11c Libraries\STM32F4xx_StdPeriph_Driver\src\stm32f4xx_gpio.o
                0x08002e68                GPIO_Init
 .text.GPIO_StructInit
                0x08002f84       0x34 Libraries\STM32F4xx_StdPeriph_Driver\src\stm32f4xx_gpio.o
                0x08002f84                GPIO_StructInit
 .text.GPIO_SetBits
                0x08002fb8       0x1c Libraries\STM32F4xx_StdPeriph_Driver\src\stm32f4xx_gpio.o
                0x08002fb8                GPIO_SetBits
 .text.GPIO_ResetBits
                0x08002fd4       0x1c Libraries\STM32F4xx_StdPeriph_Driver\src\stm32f4xx_gpio.o
                0x08002fd4                GPIO_ResetBits
 .text.GPIO_PinAFConfig
                0x08002ff0       0x8c Libraries\STM32F4xx_StdPeriph_Driver\src\stm32f4xx_gpio.o
                0x08002ff0                GPIO_PinAFConfig
 .text.EXTI_Init
                0x0800307c       0xdc Libraries\STM32F4xx_StdPeriph_Driver\src\stm32f4xx_exti.o
                0x0800307c                EXTI_Init
 .text.DMA_Init
                0x08003158       0xac Libraries\STM32F4xx_StdPeriph_Driver\src\stm32f4xx_dma.o
                0x08003158                DMA_Init
 .text.DMA_Cmd  0x08003204       0x38 Libraries\STM32F4xx_StdPeriph_Driver\src\stm32f4xx_dma.o
                0x08003204                DMA_Cmd
 .text.DMA_GetCmdStatus
                0x0800323c       0x30 Libraries\STM32F4xx_StdPeriph_Driver\src\stm32f4xx_dma.o
                0x0800323c                DMA_GetCmdStatus
 .text.DMA_GetFlagStatus
                0x0800326c       0x78 Libraries\STM32F4xx_StdPeriph_Driver\src\stm32f4xx_dma.o
                0x0800326c                DMA_GetFlagStatus
 .text.DMA_ClearFlag
                0x080032e4       0x5c Libraries\STM32F4xx_StdPeriph_Driver\src\stm32f4xx_dma.o
                0x080032e4                DMA_ClearFlag
 .text.DAC_SetChannel1Data
                0x08003340       0x34 Libraries\STM32F4xx_StdPeriph_Driver\src\stm32f4xx_dac.o
                0x08003340                DAC_SetChannel1Data
 .text.NVIC_Init
                0x08003374       0xbc Libraries\STM32F4xx_StdPeriph_Driver\src\misc.o
                0x08003374                NVIC_Init
 .text.__libc_init_array
                0x08003430       0x4c c:/program files (x86)/atollic/truestudio for arm lite 5.3.0/armtools/bin/../lib/gcc/arm-atollic-eabi/4.8.3/../../../../arm-atollic-eabi/lib/armv7e-m/fpu\libc_s.a(lib_a-init.o)
                0x08003430                __libc_init_array
 .text.atan2    0x0800347c        0x4 c:/program files (x86)/atollic/truestudio for arm lite 5.3.0/armtools/bin/../lib/gcc/arm-atollic-eabi/4.8.3/../../../../arm-atollic-eabi/lib/armv7e-m/fpu\libm.a(lib_a-w_atan2.o)
                0x0800347c                atan2
 .text.pow      0x08003480      0x2f0 c:/program files (x86)/atollic/truestudio for arm lite 5.3.0/armtools/bin/../lib/gcc/arm-atollic-eabi/4.8.3/../../../../arm-atollic-eabi/lib/armv7e-m/fpu\libm.a(lib_a-w_pow.o)
                0x08003480                pow
 .text.sqrt     0x08003770       0xb4 c:/program files (x86)/atollic/truestudio for arm lite 5.3.0/armtools/bin/../lib/gcc/arm-atollic-eabi/4.8.3/../../../../arm-atollic-eabi/lib/armv7e-m/fpu\libm.a(lib_a-w_sqrt.o)
                0x08003770                sqrt
 *fill*         0x08003824        0x4 
 .text.__ieee754_atan2
                0x08003828      0x1e8 c:/program files (x86)/atollic/truestudio for arm lite 5.3.0/armtools/bin/../lib/gcc/arm-atollic-eabi/4.8.3/../../../../arm-atollic-eabi/lib/armv7e-m/fpu\libm.a(lib_a-e_atan2.o)
                0x08003828                __ieee754_atan2
 .text.__ieee754_pow
                0x08003a10      0xa88 c:/program files (x86)/atollic/truestudio for arm lite 5.3.0/armtools/bin/../lib/gcc/arm-atollic-eabi/4.8.3/../../../../arm-atollic-eabi/lib/armv7e-m/fpu\libm.a(lib_a-e_pow.o)
                0x08003a10                __ieee754_pow
 .text.__ieee754_sqrt
                0x08004498      0x170 c:/program files (x86)/atollic/truestudio for arm lite 5.3.0/armtools/bin/../lib/gcc/arm-atollic-eabi/4.8.3/../../../../arm-atollic-eabi/lib/armv7e-m/fpu\libm.a(lib_a-e_sqrt.o)
                0x08004498                __ieee754_sqrt
 .text.atan     0x08004608      0x380 c:/program files (x86)/atollic/truestudio for arm lite 5.3.0/armtools/bin/../lib/gcc/arm-atollic-eabi/4.8.3/../../../../arm-atollic-eabi/lib/armv7e-m/fpu\libm.a(lib_a-s_atan.o)
                0x08004608                atan
 .text.fabs     0x08004988       0x12 c:/program files (x86)/atollic/truestudio for arm lite 5.3.0/armtools/bin/../lib/gcc/arm-atollic-eabi/4.8.3/../../../../arm-atollic-eabi/lib/armv7e-m/fpu\libm.a(lib_a-s_fabs.o)
                0x08004988                fabs
 .text.finite   0x0800499a       0x10 c:/program files (x86)/atollic/truestudio for arm lite 5.3.0/armtools/bin/../lib/gcc/arm-atollic-eabi/4.8.3/../../../../arm-atollic-eabi/lib/armv7e-m/fpu\libm.a(lib_a-s_finite.o)
                0x0800499a                finite
 *fill*         0x080049aa        0x2 
 .text.__fpclassifyd
                0x080049ac       0x48 c:/program files (x86)/atollic/truestudio for arm lite 5.3.0/armtools/bin/../lib/gcc/arm-atollic-eabi/4.8.3/../../../../arm-atollic-eabi/lib/armv7e-m/fpu\libm.a(lib_a-s_fpclassify.o)
                0x080049ac                __fpclassifyd
 .text.matherr  0x080049f4        0x4 c:/program files (x86)/atollic/truestudio for arm lite 5.3.0/armtools/bin/../lib/gcc/arm-atollic-eabi/4.8.3/../../../../arm-atollic-eabi/lib/armv7e-m/fpu\libm.a(lib_a-s_matherr.o)
                0x080049f4                matherr
 .text.nan      0x080049f8       0x10 c:/program files (x86)/atollic/truestudio for arm lite 5.3.0/armtools/bin/../lib/gcc/arm-atollic-eabi/4.8.3/../../../../arm-atollic-eabi/lib/armv7e-m/fpu\libm.a(lib_a-s_nan.o)
                0x080049f8                nan
 .text.rint     0x08004a08      0x110 c:/program files (x86)/atollic/truestudio for arm lite 5.3.0/armtools/bin/../lib/gcc/arm-atollic-eabi/4.8.3/../../../../arm-atollic-eabi/lib/armv7e-m/fpu\libm.a(lib_a-s_rint.o)
                0x08004a08                rint
 .text.scalbn   0x08004b18       0xf0 c:/program files (x86)/atollic/truestudio for arm lite 5.3.0/armtools/bin/../lib/gcc/arm-atollic-eabi/4.8.3/../../../../arm-atollic-eabi/lib/armv7e-m/fpu\libm.a(lib_a-s_scalbn.o)
                0x08004b18                scalbn
 .text.copysign
                0x08004c08       0x20 c:/program files (x86)/atollic/truestudio for arm lite 5.3.0/armtools/bin/../lib/gcc/arm-atollic-eabi/4.8.3/../../../../arm-atollic-eabi/lib/armv7e-m/fpu\libm.a(lib_a-s_copysign.o)
                0x08004c08                copysign
 .text.__errno  0x08004c28        0xc c:/program files (x86)/atollic/truestudio for arm lite 5.3.0/armtools/bin/../lib/gcc/arm-atollic-eabi/4.8.3/../../../../arm-atollic-eabi/lib/armv7e-m/fpu\libc_s.a(lib_a-errno.o)
                0x08004c28                __errno
 *(.glue_7)
 .glue_7        0x00000000        0x0 linker stubs
 *(.glue_7t)
 .glue_7t       0x00000000        0x0 linker stubs
 *(.eh_frame)
 .eh_frame      0x08004c34        0x0 c:/program files (x86)/atollic/truestudio for arm lite 5.3.0/armtools/bin/../lib/gcc/arm-atollic-eabi/4.8.3/armv7e-m/fpu/crtbegin.o
 *(.init)
 .init          0x08004c34        0x4 c:/program files (x86)/atollic/truestudio for arm lite 5.3.0/armtools/bin/../lib/gcc/arm-atollic-eabi/4.8.3/armv7e-m/fpu/crti.o
                0x08004c34                _init
 .init          0x08004c38        0x8 c:/program files (x86)/atollic/truestudio for arm lite 5.3.0/armtools/bin/../lib/gcc/arm-atollic-eabi/4.8.3/armv7e-m/fpu/crtn.o
 *(.fini)
 .fini          0x08004c40        0x4 c:/program files (x86)/atollic/truestudio for arm lite 5.3.0/armtools/bin/../lib/gcc/arm-atollic-eabi/4.8.3/armv7e-m/fpu/crti.o
                0x08004c40                _fini
 .fini          0x08004c44        0x8 c:/program files (x86)/atollic/truestudio for arm lite 5.3.0/armtools/bin/../lib/gcc/arm-atollic-eabi/4.8.3/armv7e-m/fpu/crtn.o
                0x08004c4c                . = ALIGN (0x4)
                0x08004c4c                _etext = .

.vfp11_veneer   0x08004c4c        0x0
 .vfp11_veneer  0x00000000        0x0 linker stubs

.v4_bx          0x08004c4c        0x0
 .v4_bx         0x00000000        0x0 linker stubs

.iplt           0x08004c4c        0x0
 .iplt          0x00000000        0x0 c:/program files (x86)/atollic/truestudio for arm lite 5.3.0/armtools/bin/../lib/gcc/arm-atollic-eabi/4.8.3/armv7e-m/fpu/crtbegin.o

.rodata         0x08004c50       0xa8
                0x08004c50                . = ALIGN (0x4)
 *(.rodata)
 *(.rodata*)
 .rodata.GPIO_PIN
                0x08004c50        0x8 Utilities\STM32F4-Discovery\stm32f4_discovery.o
                0x08004c50                GPIO_PIN
 .rodata.GPIO_CLK
                0x08004c58       0x10 Utilities\STM32F4-Discovery\stm32f4_discovery.o
                0x08004c58                GPIO_CLK
 .rodata.str1.1
                0x08004c68        0x2 c:/program files (x86)/atollic/truestudio for arm lite 5.3.0/armtools/bin/../lib/gcc/arm-atollic-eabi/4.8.3/../../../../arm-atollic-eabi/lib/armv7e-m/fpu\libc_s.a(lib_a-impure.o)
 .rodata.str1.1
                0x08004c6a        0x4 c:/program files (x86)/atollic/truestudio for arm lite 5.3.0/armtools/bin/../lib/gcc/arm-atollic-eabi/4.8.3/../../../../arm-atollic-eabi/lib/armv7e-m/fpu\libm.a(lib_a-w_pow.o)
 .rodata.str1.1
                0x08004c6e        0x5 c:/program files (x86)/atollic/truestudio for arm lite 5.3.0/armtools/bin/../lib/gcc/arm-atollic-eabi/4.8.3/../../../../arm-atollic-eabi/lib/armv7e-m/fpu\libm.a(lib_a-w_sqrt.o)
 *fill*         0x08004c73        0x5 
 .rodata.dp_h   0x08004c78       0x10 c:/program files (x86)/atollic/truestudio for arm lite 5.3.0/armtools/bin/../lib/gcc/arm-atollic-eabi/4.8.3/../../../../arm-atollic-eabi/lib/armv7e-m/fpu\libm.a(lib_a-e_pow.o)
 .rodata.dp_l   0x08004c88       0x10 c:/program files (x86)/atollic/truestudio for arm lite 5.3.0/armtools/bin/../lib/gcc/arm-atollic-eabi/4.8.3/../../../../arm-atollic-eabi/lib/armv7e-m/fpu\libm.a(lib_a-e_pow.o)
 .rodata.str1.1
                0x00000000        0x5 c:/program files (x86)/atollic/truestudio for arm lite 5.3.0/armtools/bin/../lib/gcc/arm-atollic-eabi/4.8.3/../../../../arm-atollic-eabi/lib/armv7e-m/fpu\libm.a(lib_a-e_pow.o)
                                  0x1 (size before relaxing)
 .rodata.bp     0x08004c98       0x10 c:/program files (x86)/atollic/truestudio for arm lite 5.3.0/armtools/bin/../lib/gcc/arm-atollic-eabi/4.8.3/../../../../arm-atollic-eabi/lib/armv7e-m/fpu\libm.a(lib_a-e_pow.o)
 .rodata.atanlo
                0x08004ca8       0x20 c:/program files (x86)/atollic/truestudio for arm lite 5.3.0/armtools/bin/../lib/gcc/arm-atollic-eabi/4.8.3/../../../../arm-atollic-eabi/lib/armv7e-m/fpu\libm.a(lib_a-s_atan.o)
 .rodata.atanhi
                0x08004cc8       0x20 c:/program files (x86)/atollic/truestudio for arm lite 5.3.0/armtools/bin/../lib/gcc/arm-atollic-eabi/4.8.3/../../../../arm-atollic-eabi/lib/armv7e-m/fpu\libm.a(lib_a-s_atan.o)
 .rodata.TWO52  0x08004ce8       0x10 c:/program files (x86)/atollic/truestudio for arm lite 5.3.0/armtools/bin/../lib/gcc/arm-atollic-eabi/4.8.3/../../../../arm-atollic-eabi/lib/armv7e-m/fpu\libm.a(lib_a-s_rint.o)
                0x08004cf8                . = ALIGN (0x4)

.rel.dyn        0x08004cf8        0x0
 .rel.iplt      0x00000000        0x0 c:/program files (x86)/atollic/truestudio for arm lite 5.3.0/armtools/bin/../lib/gcc/arm-atollic-eabi/4.8.3/armv7e-m/fpu/crtbegin.o

.ARM.extab
 *(.ARM.extab* .gnu.linkonce.armextab.*)

.ARM            0x08004cf8        0x0
                0x08004cf8                __exidx_start = .
 *(.ARM.exidx*)
                0x08004cf8                __exidx_end = .

.preinit_array  0x08004cf8        0x0
                0x08004cf8                PROVIDE (__preinit_array_start, .)
 *(.preinit_array*)
                0x08004cf8                PROVIDE (__preinit_array_end, .)

.init_array     0x08004cf8        0x4
                0x08004cf8                PROVIDE (__init_array_start, .)
 *(SORT(.init_array.*))
 *(.init_array*)
 .init_array    0x08004cf8        0x4 c:/program files (x86)/atollic/truestudio for arm lite 5.3.0/armtools/bin/../lib/gcc/arm-atollic-eabi/4.8.3/armv7e-m/fpu/crtbegin.o
                0x08004cfc                PROVIDE (__init_array_end, .)

.fini_array     0x08004cfc        0x4
                0x08004cfc                PROVIDE (__fini_array_start, .)
 *(SORT(.fini_array.*))
 *(.fini_array*)
 .fini_array    0x08004cfc        0x4 c:/program files (x86)/atollic/truestudio for arm lite 5.3.0/armtools/bin/../lib/gcc/arm-atollic-eabi/4.8.3/armv7e-m/fpu/crtbegin.o
                0x08004d00                PROVIDE (__fini_array_end, .)
                0x08004d00                _sidata = LOADADDR (.data)

.data           0x20000000       0xc0 load address 0x08004d00
                0x20000000                . = ALIGN (0x4)
                0x20000000                _sdata = .
 *(.data)
 *(.data*)
 .data.octave   0x20000000        0x4 src\main.o
                0x20000000                octave
 .data.noteFreq
                0x20000004        0x4 src\main.o
                0x20000004                noteFreq
 .data.amplitude
                0x20000008        0x4 src\main.o
                0x20000008                amplitude
 .data.duration
                0x2000000c        0x4 src\main.o
                0x2000000c                duration
 .data.masterpiece
                0x20000010       0x14 src\main.o
                0x20000010                masterpiece
 .data.AudioRemSize
                0x20000024        0x4 Utilities\STM32F4-Discovery\stm32f4_discovery_audio_codec.o
                0x20000024                AudioRemSize
 .data.CurrAudioInterface
                0x20000028        0x4 Utilities\STM32F4-Discovery\stm32f4_discovery_audio_codec.o
                0x20000028                CurrAudioInterface
 .data.AUDIO_MAL_DMA_STREAM
                0x2000002c        0x4 Utilities\STM32F4-Discovery\stm32f4_discovery_audio_codec.o
                0x2000002c                AUDIO_MAL_DMA_STREAM
 .data.AUDIO_MAL_DMA_FLAG_TC
                0x20000030        0x4 Utilities\STM32F4-Discovery\stm32f4_discovery_audio_codec.o
                0x20000030                AUDIO_MAL_DMA_FLAG_TC
 .data.GPIO_PORT
                0x20000034       0x10 Utilities\STM32F4-Discovery\stm32f4_discovery.o
                0x20000034                GPIO_PORT
 .data.BUTTON_PORT
                0x20000044        0x4 Utilities\STM32F4-Discovery\stm32f4_discovery.o
                0x20000044                BUTTON_PORT
 .data.APBAHBPrescTable
                0x20000048       0x10 Libraries\STM32F4xx_StdPeriph_Driver\src\stm32f4xx_rcc.o
 .data.impure_data
                0x20000058       0x60 c:/program files (x86)/atollic/truestudio for arm lite 5.3.0/armtools/bin/../lib/gcc/arm-atollic-eabi/4.8.3/../../../../arm-atollic-eabi/lib/armv7e-m/fpu\libc_s.a(lib_a-impure.o)
 .data._impure_ptr
                0x200000b8        0x4 c:/program files (x86)/atollic/truestudio for arm lite 5.3.0/armtools/bin/../lib/gcc/arm-atollic-eabi/4.8.3/../../../../arm-atollic-eabi/lib/armv7e-m/fpu\libc_s.a(lib_a-impure.o)
                0x200000b8                _impure_ptr
 .data.__fdlib_version
                0x200000bc        0x1 c:/program files (x86)/atollic/truestudio for arm lite 5.3.0/armtools/bin/../lib/gcc/arm-atollic-eabi/4.8.3/../../../../arm-atollic-eabi/lib/armv7e-m/fpu\libm.a(lib_a-s_lib_ver.o)
                0x200000bc                __fdlib_version
                0x200000c0                . = ALIGN (0x4)
 *fill*         0x200000bd        0x3 
                0x200000c0                _edata = .
                0x08004dc0                _siccmram = LOADADDR (.ccmram)

.igot.plt       0x200000c0        0x0 load address 0x08004dc0
 .igot.plt      0x00000000        0x0 c:/program files (x86)/atollic/truestudio for arm lite 5.3.0/armtools/bin/../lib/gcc/arm-atollic-eabi/4.8.3/armv7e-m/fpu/crtbegin.o

.ccmram         0x10000000        0x0 load address 0x08004dc0
                0x10000000                . = ALIGN (0x4)
                0x10000000                _sccmram = .
 *(.ccmram)
 *(.ccmram*)
                0x10000000                . = ALIGN (0x4)
                0x10000000                _eccmram = .
                0x10000000                . = ALIGN (0x4)

.bss            0x200000c0     0xbb10
                0x200000c0                _sbss = .
                0x200000c0                __bss_start__ = _sbss
 *(.bss)
 .bss           0x200000c0       0x1c c:/program files (x86)/atollic/truestudio for arm lite 5.3.0/armtools/bin/../lib/gcc/arm-atollic-eabi/4.8.3/armv7e-m/fpu/crtbegin.o
 *(.bss*)
 .bss.temp      0x200000dc        0x4 src\main.o
                0x200000dc                temp
 .bss.accZ      0x200000e0        0x4 src\main.o
                0x200000e0                accZ
 .bss.pitch     0x200000e4        0x4 src\main.o
                0x200000e4                pitch
 .bss.sampleCounter
                0x200000e8        0x4 src\main.o
                0x200000e8                sampleCounter
 .bss.sample    0x200000ec        0x2 src\main.o
                0x200000ec                sample
 *(COMMON)
 *fill*         0x200000ee        0x2 
 COMMON         0x200000f0     0xba64 src\main.o
                0x200000f0                DACBufferSize
                0x200000f4                DACBuffer
                0x200005a4                tempBuffer
                0x20000a54                noiseBuffer
                0x20000f04                outBuffer
                0x2000bb48                roll
                0x2000bb4c                accY
                0x2000bb50                accX
 COMMON         0x2000bb54       0x7c Utilities\STM32F4-Discovery\stm32f4_discovery_audio_codec.o
                0x2000bb54                CurrentPos
                0x2000bb58                AUDIO_MAL_DMA_InitStructure
                0x2000bb94                DMA_InitStructure
                0x2000bbd0                . = ALIGN (0x4)
                0x2000bbd0                _ebss = .
                0x2000bbd0                __bss_end__ = _ebss

._user_heap_stack
                0x2000bbd0      0x400
                0x2000bbd0                . = ALIGN (0x4)
                0x2000bbd0                PROVIDE (end, .)
                0x2000bbd0                PROVIDE (_end, .)
                0x2000bbd0                . = (. + _Min_Heap_Size)
                0x2000bfd0                . = (. + _Min_Stack_Size)
 *fill*         0x2000bbd0      0x400 
                0x2000bfd0                . = ALIGN (0x4)

.memory_b1_text
 *(.mb1text)
 *(.mb1text*)
 *(.mb1rodata)
 *(.mb1rodata*)

/DISCARD/
 libc.a(*)
 libm.a(*)
 libgcc.a(*)

.ARM.attributes
                0x00000000       0x30
 *(.ARM.attributes)
 .ARM.attributes
                0x00000000       0x22 c:/program files (x86)/atollic/truestudio for arm lite 5.3.0/armtools/bin/../lib/gcc/arm-atollic-eabi/4.8.3/armv7e-m/fpu/crti.o
 .ARM.attributes
                0x00000022       0x34 c:/program files (x86)/atollic/truestudio for arm lite 5.3.0/armtools/bin/../lib/gcc/arm-atollic-eabi/4.8.3/armv7e-m/fpu/crtbegin.o
 .ARM.attributes
                0x00000056       0x39 src\system_stm32f4xx.o
 .ARM.attributes
                0x0000008f       0x39 src\stm32f4xx_it.o
 .ARM.attributes
                0x000000c8       0x21 src\startup_stm32f40xx.o
 .ARM.attributes
                0x000000e9       0x39 src\main.o
 .ARM.attributes
                0x00000122       0x39 src\codec.o
 .ARM.attributes
                0x0000015b       0x39 Utilities\STM32F4-Discovery\stm32f4_discovery_audio_codec.o
 .ARM.attributes
                0x00000194       0x39 Utilities\STM32F4-Discovery\stm32f4_discovery.o
 .ARM.attributes
                0x000001cd       0x39 Libraries\STM32F4xx_StdPeriph_Driver\src\stm32f4xx_syscfg.o
 .ARM.attributes
                0x00000206       0x39 Libraries\STM32F4xx_StdPeriph_Driver\src\stm32f4xx_spi.o
 .ARM.attributes
                0x0000023f       0x39 Libraries\STM32F4xx_StdPeriph_Driver\src\stm32f4xx_rng.o
 .ARM.attributes
                0x00000278       0x39 Libraries\STM32F4xx_StdPeriph_Driver\src\stm32f4xx_rcc.o
 .ARM.attributes
                0x000002b1       0x39 Libraries\STM32F4xx_StdPeriph_Driver\src\stm32f4xx_i2c.o
 .ARM.attributes
                0x000002ea       0x39 Libraries\STM32F4xx_StdPeriph_Driver\src\stm32f4xx_gpio.o
 .ARM.attributes
                0x00000323       0x39 Libraries\STM32F4xx_StdPeriph_Driver\src\stm32f4xx_exti.o
 .ARM.attributes
                0x0000035c       0x39 Libraries\STM32F4xx_StdPeriph_Driver\src\stm32f4xx_dma.o
 .ARM.attributes
                0x00000395       0x39 Libraries\STM32F4xx_StdPeriph_Driver\src\stm32f4xx_dac.o
 .ARM.attributes
                0x000003ce       0x39 Libraries\STM32F4xx_StdPeriph_Driver\src\misc.o
 .ARM.attributes
                0x00000407       0x34 c:/program files (x86)/atollic/truestudio for arm lite 5.3.0/armtools/bin/../lib/gcc/arm-atollic-eabi/4.8.3/../../../../arm-atollic-eabi/lib/armv7e-m/fpu\libc_s.a(lib_a-init.o)
 .ARM.attributes
                0x0000043b       0x34 c:/program files (x86)/atollic/truestudio for arm lite 5.3.0/armtools/bin/../lib/gcc/arm-atollic-eabi/4.8.3/../../../../arm-atollic-eabi/lib/armv7e-m/fpu\libc_s.a(lib_a-impure.o)
 .ARM.attributes
                0x0000046f       0x34 c:/program files (x86)/atollic/truestudio for arm lite 5.3.0/armtools/bin/../lib/gcc/arm-atollic-eabi/4.8.3/../../../../arm-atollic-eabi/lib/armv7e-m/fpu\libm.a(lib_a-w_atan2.o)
 .ARM.attributes
                0x000004a3       0x34 c:/program files (x86)/atollic/truestudio for arm lite 5.3.0/armtools/bin/../lib/gcc/arm-atollic-eabi/4.8.3/../../../../arm-atollic-eabi/lib/armv7e-m/fpu\libm.a(lib_a-w_pow.o)
 .ARM.attributes
                0x000004d7       0x34 c:/program files (x86)/atollic/truestudio for arm lite 5.3.0/armtools/bin/../lib/gcc/arm-atollic-eabi/4.8.3/../../../../arm-atollic-eabi/lib/armv7e-m/fpu\libm.a(lib_a-w_sqrt.o)
 .ARM.attributes
                0x0000050b       0x34 c:/program files (x86)/atollic/truestudio for arm lite 5.3.0/armtools/bin/../lib/gcc/arm-atollic-eabi/4.8.3/../../../../arm-atollic-eabi/lib/armv7e-m/fpu\libm.a(lib_a-e_atan2.o)
 .ARM.attributes
                0x0000053f       0x34 c:/program files (x86)/atollic/truestudio for arm lite 5.3.0/armtools/bin/../lib/gcc/arm-atollic-eabi/4.8.3/../../../../arm-atollic-eabi/lib/armv7e-m/fpu\libm.a(lib_a-e_pow.o)
 .ARM.attributes
                0x00000573       0x34 c:/program files (x86)/atollic/truestudio for arm lite 5.3.0/armtools/bin/../lib/gcc/arm-atollic-eabi/4.8.3/../../../../arm-atollic-eabi/lib/armv7e-m/fpu\libm.a(lib_a-e_sqrt.o)
 .ARM.attributes
                0x000005a7       0x34 c:/program files (x86)/atollic/truestudio for arm lite 5.3.0/armtools/bin/../lib/gcc/arm-atollic-eabi/4.8.3/../../../../arm-atollic-eabi/lib/armv7e-m/fpu\libm.a(lib_a-s_atan.o)
 .ARM.attributes
                0x000005db       0x34 c:/program files (x86)/atollic/truestudio for arm lite 5.3.0/armtools/bin/../lib/gcc/arm-atollic-eabi/4.8.3/../../../../arm-atollic-eabi/lib/armv7e-m/fpu\libm.a(lib_a-s_fabs.o)
 .ARM.attributes
                0x0000060f       0x34 c:/program files (x86)/atollic/truestudio for arm lite 5.3.0/armtools/bin/../lib/gcc/arm-atollic-eabi/4.8.3/../../../../arm-atollic-eabi/lib/armv7e-m/fpu\libm.a(lib_a-s_finite.o)
 .ARM.attributes
                0x00000643       0x34 c:/program files (x86)/atollic/truestudio for arm lite 5.3.0/armtools/bin/../lib/gcc/arm-atollic-eabi/4.8.3/../../../../arm-atollic-eabi/lib/armv7e-m/fpu\libm.a(lib_a-s_fpclassify.o)
 .ARM.attributes
                0x00000677       0x34 c:/program files (x86)/atollic/truestudio for arm lite 5.3.0/armtools/bin/../lib/gcc/arm-atollic-eabi/4.8.3/../../../../arm-atollic-eabi/lib/armv7e-m/fpu\libm.a(lib_a-s_lib_ver.o)
 .ARM.attributes
                0x000006ab       0x34 c:/program files (x86)/atollic/truestudio for arm lite 5.3.0/armtools/bin/../lib/gcc/arm-atollic-eabi/4.8.3/../../../../arm-atollic-eabi/lib/armv7e-m/fpu\libm.a(lib_a-s_matherr.o)
 .ARM.attributes
                0x000006df       0x34 c:/program files (x86)/atollic/truestudio for arm lite 5.3.0/armtools/bin/../lib/gcc/arm-atollic-eabi/4.8.3/../../../../arm-atollic-eabi/lib/armv7e-m/fpu\libm.a(lib_a-s_nan.o)
 .ARM.attributes
                0x00000713       0x34 c:/program files (x86)/atollic/truestudio for arm lite 5.3.0/armtools/bin/../lib/gcc/arm-atollic-eabi/4.8.3/../../../../arm-atollic-eabi/lib/armv7e-m/fpu\libm.a(lib_a-s_rint.o)
 .ARM.attributes
                0x00000747       0x34 c:/program files (x86)/atollic/truestudio for arm lite 5.3.0/armtools/bin/../lib/gcc/arm-atollic-eabi/4.8.3/../../../../arm-atollic-eabi/lib/armv7e-m/fpu\libm.a(lib_a-s_scalbn.o)
 .ARM.attributes
                0x0000077b       0x34 c:/program files (x86)/atollic/truestudio for arm lite 5.3.0/armtools/bin/../lib/gcc/arm-atollic-eabi/4.8.3/../../../../arm-atollic-eabi/lib/armv7e-m/fpu\libm.a(lib_a-s_copysign.o)
 .ARM.attributes
                0x000007af       0x34 c:/program files (x86)/atollic/truestudio for arm lite 5.3.0/armtools/bin/../lib/gcc/arm-atollic-eabi/4.8.3/../../../../arm-atollic-eabi/lib/armv7e-m/fpu\libc_s.a(lib_a-errno.o)
 .ARM.attributes
                0x000007e3       0x22 c:/program files (x86)/atollic/truestudio for arm lite 5.3.0/armtools/bin/../lib/gcc/arm-atollic-eabi/4.8.3/armv7e-m/fpu\libgcc.a(_arm_addsubdf3.o)
 .ARM.attributes
                0x00000805       0x22 c:/program files (x86)/atollic/truestudio for arm lite 5.3.0/armtools/bin/../lib/gcc/arm-atollic-eabi/4.8.3/armv7e-m/fpu\libgcc.a(_arm_muldivdf3.o)
 .ARM.attributes
                0x00000827       0x22 c:/program files (x86)/atollic/truestudio for arm lite 5.3.0/armtools/bin/../lib/gcc/arm-atollic-eabi/4.8.3/armv7e-m/fpu\libgcc.a(_arm_cmpdf2.o)
 .ARM.attributes
                0x00000849       0x22 c:/program files (x86)/atollic/truestudio for arm lite 5.3.0/armtools/bin/../lib/gcc/arm-atollic-eabi/4.8.3/armv7e-m/fpu\libgcc.a(_arm_fixunsdfsi.o)
 .ARM.attributes
                0x0000086b       0x22 c:/program files (x86)/atollic/truestudio for arm lite 5.3.0/armtools/bin/../lib/gcc/arm-atollic-eabi/4.8.3/armv7e-m/fpu\libgcc.a(_arm_truncdfsf2.o)
 .ARM.attributes
                0x0000088d       0x22 c:/program files (x86)/atollic/truestudio for arm lite 5.3.0/armtools/bin/../lib/gcc/arm-atollic-eabi/4.8.3/armv7e-m/fpu/crtn.o
OUTPUT(ES-project.elf elf32-littlearm)

.debug_info     0x00000000     0x7462
 .debug_info    0x00000000      0x5a3 src\system_stm32f4xx.o
 .debug_info    0x000005a3      0x133 src\stm32f4xx_it.o
 .debug_info    0x000006d6       0x6d src\startup_stm32f40xx.o
 .debug_info    0x00000743      0x97d src\main.o
 .debug_info    0x000010c0      0x672 src\codec.o
 .debug_info    0x00001732     0x1090 Utilities\STM32F4-Discovery\stm32f4_discovery_audio_codec.o
 .debug_info    0x000027c2      0x88d Utilities\STM32F4-Discovery\stm32f4_discovery.o
 .debug_info    0x0000304f      0x270 Libraries\STM32F4xx_StdPeriph_Driver\src\stm32f4xx_syscfg.o
 .debug_info    0x000032bf      0xb0b Libraries\STM32F4xx_StdPeriph_Driver\src\stm32f4xx_spi.o
 .debug_info    0x00003dca      0x283 Libraries\STM32F4xx_StdPeriph_Driver\src\stm32f4xx_rng.o
 .debug_info    0x0000404d      0xc77 Libraries\STM32F4xx_StdPeriph_Driver\src\stm32f4xx_rcc.o
 .debug_info    0x00004cc4      0xb8b Libraries\STM32F4xx_StdPeriph_Driver\src\stm32f4xx_i2c.o
 .debug_info    0x0000584f      0x609 Libraries\STM32F4xx_StdPeriph_Driver\src\stm32f4xx_gpio.o
 .debug_info    0x00005e58      0x34b Libraries\STM32F4xx_StdPeriph_Driver\src\stm32f4xx_exti.o
 .debug_info    0x000061a3      0x73d Libraries\STM32F4xx_StdPeriph_Driver\src\stm32f4xx_dma.o
 .debug_info    0x000068e0      0x641 Libraries\STM32F4xx_StdPeriph_Driver\src\stm32f4xx_dac.o
 .debug_info    0x00006f21      0x541 Libraries\STM32F4xx_StdPeriph_Driver\src\misc.o

.debug_abbrev   0x00000000     0x179a
 .debug_abbrev  0x00000000      0x138 src\system_stm32f4xx.o
 .debug_abbrev  0x00000138       0x67 src\stm32f4xx_it.o
 .debug_abbrev  0x0000019f       0x12 src\startup_stm32f40xx.o
 .debug_abbrev  0x000001b1      0x22a src\main.o
 .debug_abbrev  0x000003db      0x14d src\codec.o
 .debug_abbrev  0x00000528      0x258 Utilities\STM32F4-Discovery\stm32f4_discovery_audio_codec.o
 .debug_abbrev  0x00000780      0x185 Utilities\STM32F4-Discovery\stm32f4_discovery.o
 .debug_abbrev  0x00000905      0x133 Libraries\STM32F4xx_StdPeriph_Driver\src\stm32f4xx_syscfg.o
 .debug_abbrev  0x00000a38      0x169 Libraries\STM32F4xx_StdPeriph_Driver\src\stm32f4xx_spi.o
 .debug_abbrev  0x00000ba1      0x146 Libraries\STM32F4xx_StdPeriph_Driver\src\stm32f4xx_rng.o
 .debug_abbrev  0x00000ce7      0x1e5 Libraries\STM32F4xx_StdPeriph_Driver\src\stm32f4xx_rcc.o
 .debug_abbrev  0x00000ecc      0x166 Libraries\STM32F4xx_StdPeriph_Driver\src\stm32f4xx_i2c.o
 .debug_abbrev  0x00001032      0x1a5 Libraries\STM32F4xx_StdPeriph_Driver\src\stm32f4xx_gpio.o
 .debug_abbrev  0x000011d7      0x1a7 Libraries\STM32F4xx_StdPeriph_Driver\src\stm32f4xx_exti.o
 .debug_abbrev  0x0000137e      0x157 Libraries\STM32F4xx_StdPeriph_Driver\src\stm32f4xx_dma.o
 .debug_abbrev  0x000014d5      0x17e Libraries\STM32F4xx_StdPeriph_Driver\src\stm32f4xx_dac.o
 .debug_abbrev  0x00001653      0x147 Libraries\STM32F4xx_StdPeriph_Driver\src\misc.o

.debug_aranges  0x00000000      0x990
 .debug_aranges
                0x00000000       0x30 src\system_stm32f4xx.o
 .debug_aranges
                0x00000030       0x60 src\stm32f4xx_it.o
 .debug_aranges
                0x00000090       0x28 src\startup_stm32f40xx.o
 .debug_aranges
                0x000000b8       0x88 src\main.o
 .debug_aranges
                0x00000140       0x38 src\codec.o
 .debug_aranges
                0x00000178      0x130 Utilities\STM32F4-Discovery\stm32f4_discovery_audio_codec.o
 .debug_aranges
                0x000002a8       0x48 Utilities\STM32F4-Discovery\stm32f4_discovery.o
 .debug_aranges
                0x000002f0       0x48 Libraries\STM32F4xx_StdPeriph_Driver\src\stm32f4xx_syscfg.o
 .debug_aranges
                0x00000338       0xe0 Libraries\STM32F4xx_StdPeriph_Driver\src\stm32f4xx_spi.o
 .debug_aranges
                0x00000418       0x58 Libraries\STM32F4xx_StdPeriph_Driver\src\stm32f4xx_rng.o
 .debug_aranges
                0x00000470      0x180 Libraries\STM32F4xx_StdPeriph_Driver\src\stm32f4xx_rcc.o
 .debug_aranges
                0x000005f0      0x130 Libraries\STM32F4xx_StdPeriph_Driver\src\stm32f4xx_i2c.o
 .debug_aranges
                0x00000720       0x88 Libraries\STM32F4xx_StdPeriph_Driver\src\stm32f4xx_gpio.o
 .debug_aranges
                0x000007a8       0x58 Libraries\STM32F4xx_StdPeriph_Driver\src\stm32f4xx_exti.o
 .debug_aranges
                0x00000800       0xb0 Libraries\STM32F4xx_StdPeriph_Driver\src\stm32f4xx_dma.o
 .debug_aranges
                0x000008b0       0xa0 Libraries\STM32F4xx_StdPeriph_Driver\src\stm32f4xx_dac.o
 .debug_aranges
                0x00000950       0x40 Libraries\STM32F4xx_StdPeriph_Driver\src\misc.o

.debug_ranges   0x00000000      0x888
 .debug_ranges  0x00000000       0x20 src\system_stm32f4xx.o
 .debug_ranges  0x00000020       0x50 src\stm32f4xx_it.o
 .debug_ranges  0x00000070       0x20 src\startup_stm32f40xx.o
 .debug_ranges  0x00000090       0x78 src\main.o
 .debug_ranges  0x00000108       0x28 src\codec.o
 .debug_ranges  0x00000130      0x120 Utilities\STM32F4-Discovery\stm32f4_discovery_audio_codec.o
 .debug_ranges  0x00000250       0x38 Utilities\STM32F4-Discovery\stm32f4_discovery.o
 .debug_ranges  0x00000288       0x38 Libraries\STM32F4xx_StdPeriph_Driver\src\stm32f4xx_syscfg.o
 .debug_ranges  0x000002c0       0xd0 Libraries\STM32F4xx_StdPeriph_Driver\src\stm32f4xx_spi.o
 .debug_ranges  0x00000390       0x48 Libraries\STM32F4xx_StdPeriph_Driver\src\stm32f4xx_rng.o
 .debug_ranges  0x000003d8      0x170 Libraries\STM32F4xx_StdPeriph_Driver\src\stm32f4xx_rcc.o
 .debug_ranges  0x00000548      0x120 Libraries\STM32F4xx_StdPeriph_Driver\src\stm32f4xx_i2c.o
 .debug_ranges  0x00000668       0x78 Libraries\STM32F4xx_StdPeriph_Driver\src\stm32f4xx_gpio.o
 .debug_ranges  0x000006e0       0x48 Libraries\STM32F4xx_StdPeriph_Driver\src\stm32f4xx_exti.o
 .debug_ranges  0x00000728       0xa0 Libraries\STM32F4xx_StdPeriph_Driver\src\stm32f4xx_dma.o
 .debug_ranges  0x000007c8       0x90 Libraries\STM32F4xx_StdPeriph_Driver\src\stm32f4xx_dac.o
 .debug_ranges  0x00000858       0x30 Libraries\STM32F4xx_StdPeriph_Driver\src\misc.o

.debug_line     0x00000000     0x37ff
 .debug_line    0x00000000      0x1fe src\system_stm32f4xx.o
 .debug_line    0x000001fe      0x1ec src\stm32f4xx_it.o
 .debug_line    0x000003ea       0x7a src\startup_stm32f40xx.o
 .debug_line    0x00000464      0x4bd src\main.o
 .debug_line    0x00000921      0x303 src\codec.o
 .debug_line    0x00000c24      0x6ec Utilities\STM32F4-Discovery\stm32f4_discovery_audio_codec.o
 .debug_line    0x00001310      0x28f Utilities\STM32F4-Discovery\stm32f4_discovery.o
 .debug_line    0x0000159f      0x219 Libraries\STM32F4xx_StdPeriph_Driver\src\stm32f4xx_syscfg.o
 .debug_line    0x000017b8      0x44f Libraries\STM32F4xx_StdPeriph_Driver\src\stm32f4xx_spi.o
 .debug_line    0x00001c07      0x23d Libraries\STM32F4xx_StdPeriph_Driver\src\stm32f4xx_rng.o
 .debug_line    0x00001e44      0x5a1 Libraries\STM32F4xx_StdPeriph_Driver\src\stm32f4xx_rcc.o
 .debug_line    0x000023e5      0x4f9 Libraries\STM32F4xx_StdPeriph_Driver\src\stm32f4xx_i2c.o
 .debug_line    0x000028de      0x333 Libraries\STM32F4xx_StdPeriph_Driver\src\stm32f4xx_gpio.o
 .debug_line    0x00002c11      0x299 Libraries\STM32F4xx_StdPeriph_Driver\src\stm32f4xx_exti.o
 .debug_line    0x00002eaa      0x3d0 Libraries\STM32F4xx_StdPeriph_Driver\src\stm32f4xx_dma.o
 .debug_line    0x0000327a      0x34c Libraries\STM32F4xx_StdPeriph_Driver\src\stm32f4xx_dac.o
 .debug_line    0x000035c6      0x239 Libraries\STM32F4xx_StdPeriph_Driver\src\misc.o

.debug_str      0x00000000     0x2e9d
 .debug_str     0x00000000      0x37c src\system_stm32f4xx.o
                                0x3f0 (size before relaxing)
 .debug_str     0x0000037c       0xa6 src\stm32f4xx_it.o
                                0x239 (size before relaxing)
 .debug_str     0x00000422      0x4e3 src\main.o
                                0x726 (size before relaxing)
 .debug_str     0x00000905      0x1be src\codec.o
                                0x5a7 (size before relaxing)
 .debug_str     0x00000ac3      0xbb1 Utilities\STM32F4-Discovery\stm32f4_discovery_audio_codec.o
                               0x10d1 (size before relaxing)
 .debug_str     0x00001674      0x23b Utilities\STM32F4-Discovery\stm32f4_discovery.o
                                0xb87 (size before relaxing)
 .debug_str     0x000018af      0x169 Libraries\STM32F4xx_StdPeriph_Driver\src\stm32f4xx_syscfg.o
                                0x352 (size before relaxing)
 .debug_str     0x00001a18      0x2a9 Libraries\STM32F4xx_StdPeriph_Driver\src\stm32f4xx_spi.o
                                0x6e8 (size before relaxing)
 .debug_str     0x00001cc1       0xd2 Libraries\STM32F4xx_StdPeriph_Driver\src\stm32f4xx_rng.o
                                0x2d7 (size before relaxing)
 .debug_str     0x00001d93      0x585 Libraries\STM32F4xx_StdPeriph_Driver\src\stm32f4xx_rcc.o
                                0x8d7 (size before relaxing)
 .debug_str     0x00002318      0x371 Libraries\STM32F4xx_StdPeriph_Driver\src\stm32f4xx_i2c.o
                                0x710 (size before relaxing)
 .debug_str     0x00002689      0x153 Libraries\STM32F4xx_StdPeriph_Driver\src\stm32f4xx_gpio.o
                                0x501 (size before relaxing)
 .debug_str     0x000027dc       0xf3 Libraries\STM32F4xx_StdPeriph_Driver\src\stm32f4xx_exti.o
                                0x3b7 (size before relaxing)
 .debug_str     0x000028cf      0x25a Libraries\STM32F4xx_StdPeriph_Driver\src\stm32f4xx_dma.o
                                0x5a0 (size before relaxing)
 .debug_str     0x00002b29      0x220 Libraries\STM32F4xx_StdPeriph_Driver\src\stm32f4xx_dac.o
                                0x4b1 (size before relaxing)
 .debug_str     0x00002d49      0x154 Libraries\STM32F4xx_StdPeriph_Driver\src\misc.o
                                0x42c (size before relaxing)

.comment        0x00000000       0x83
 .comment       0x00000000       0x83 src\system_stm32f4xx.o
                                 0x84 (size before relaxing)
 .comment       0x00000000       0x84 src\stm32f4xx_it.o
 .comment       0x00000000       0x84 src\main.o
 .comment       0x00000000       0x84 src\codec.o
 .comment       0x00000000       0x84 Utilities\STM32F4-Discovery\stm32f4_discovery_audio_codec.o
 .comment       0x00000000       0x84 Utilities\STM32F4-Discovery\stm32f4_discovery.o
 .comment       0x00000000       0x84 Libraries\STM32F4xx_StdPeriph_Driver\src\stm32f4xx_syscfg.o
 .comment       0x00000000       0x84 Libraries\STM32F4xx_StdPeriph_Driver\src\stm32f4xx_spi.o
 .comment       0x00000000       0x84 Libraries\STM32F4xx_StdPeriph_Driver\src\stm32f4xx_rng.o
 .comment       0x00000000       0x84 Libraries\STM32F4xx_StdPeriph_Driver\src\stm32f4xx_rcc.o
 .comment       0x00000000       0x84 Libraries\STM32F4xx_StdPeriph_Driver\src\stm32f4xx_i2c.o
 .comment       0x00000000       0x84 Libraries\STM32F4xx_StdPeriph_Driver\src\stm32f4xx_gpio.o
 .comment       0x00000000       0x84 Libraries\STM32F4xx_StdPeriph_Driver\src\stm32f4xx_exti.o
 .comment       0x00000000       0x84 Libraries\STM32F4xx_StdPeriph_Driver\src\stm32f4xx_dma.o
 .comment       0x00000000       0x84 Libraries\STM32F4xx_StdPeriph_Driver\src\stm32f4xx_dac.o
 .comment       0x00000000       0x84 Libraries\STM32F4xx_StdPeriph_Driver\src\misc.o

.debug_frame    0x00000000     0x201c
 .debug_frame   0x00000000       0x64 src\system_stm32f4xx.o
 .debug_frame   0x00000064       0xe8 src\stm32f4xx_it.o
 .debug_frame   0x0000014c      0x1b8 src\main.o
 .debug_frame   0x00000304       0x90 src\codec.o
 .debug_frame   0x00000394      0x438 Utilities\STM32F4-Discovery\stm32f4_discovery_audio_codec.o
 .debug_frame   0x000007cc       0xc4 Utilities\STM32F4-Discovery\stm32f4_discovery.o
 .debug_frame   0x00000890       0xbc Libraries\STM32F4xx_StdPeriph_Driver\src\stm32f4xx_syscfg.o
 .debug_frame   0x0000094c      0x2d0 Libraries\STM32F4xx_StdPeriph_Driver\src\stm32f4xx_spi.o
 .debug_frame   0x00000c1c       0xec Libraries\STM32F4xx_StdPeriph_Driver\src\stm32f4xx_rng.o
 .debug_frame   0x00000d08      0x4f4 Libraries\STM32F4xx_StdPeriph_Driver\src\stm32f4xx_rcc.o
 .debug_frame   0x000011fc      0x3ec Libraries\STM32F4xx_StdPeriph_Driver\src\stm32f4xx_i2c.o
 .debug_frame   0x000015e8      0x19c Libraries\STM32F4xx_StdPeriph_Driver\src\stm32f4xx_gpio.o
 .debug_frame   0x00001784       0xec Libraries\STM32F4xx_StdPeriph_Driver\src\stm32f4xx_exti.o
 .debug_frame   0x00001870      0x224 Libraries\STM32F4xx_StdPeriph_Driver\src\stm32f4xx_dma.o
 .debug_frame   0x00001a94      0x1ec Libraries\STM32F4xx_StdPeriph_Driver\src\stm32f4xx_dac.o
 .debug_frame   0x00001c80       0x9c Libraries\STM32F4xx_StdPeriph_Driver\src\misc.o
 .debug_frame   0x00001d1c       0x2c c:/program files (x86)/atollic/truestudio for arm lite 5.3.0/armtools/bin/../lib/gcc/arm-atollic-eabi/4.8.3/../../../../arm-atollic-eabi/lib/armv7e-m/fpu\libc_s.a(lib_a-init.o)
 .debug_frame   0x00001d48       0x20 c:/program files (x86)/atollic/truestudio for arm lite 5.3.0/armtools/bin/../lib/gcc/arm-atollic-eabi/4.8.3/../../../../arm-atollic-eabi/lib/armv7e-m/fpu\libm.a(lib_a-w_atan2.o)
 .debug_frame   0x00001d68       0x40 c:/program files (x86)/atollic/truestudio for arm lite 5.3.0/armtools/bin/../lib/gcc/arm-atollic-eabi/4.8.3/../../../../arm-atollic-eabi/lib/armv7e-m/fpu\libm.a(lib_a-w_pow.o)
 .debug_frame   0x00001da8       0x38 c:/program files (x86)/atollic/truestudio for arm lite 5.3.0/armtools/bin/../lib/gcc/arm-atollic-eabi/4.8.3/../../../../arm-atollic-eabi/lib/armv7e-m/fpu\libm.a(lib_a-w_sqrt.o)
 .debug_frame   0x00001de0       0x38 c:/program files (x86)/atollic/truestudio for arm lite 5.3.0/armtools/bin/../lib/gcc/arm-atollic-eabi/4.8.3/../../../../arm-atollic-eabi/lib/armv7e-m/fpu\libm.a(lib_a-e_atan2.o)
 .debug_frame   0x00001e18       0x40 c:/program files (x86)/atollic/truestudio for arm lite 5.3.0/armtools/bin/../lib/gcc/arm-atollic-eabi/4.8.3/../../../../arm-atollic-eabi/lib/armv7e-m/fpu\libm.a(lib_a-e_pow.o)
 .debug_frame   0x00001e58       0x34 c:/program files (x86)/atollic/truestudio for arm lite 5.3.0/armtools/bin/../lib/gcc/arm-atollic-eabi/4.8.3/../../../../arm-atollic-eabi/lib/armv7e-m/fpu\libm.a(lib_a-e_sqrt.o)
 .debug_frame   0x00001e8c       0x3c c:/program files (x86)/atollic/truestudio for arm lite 5.3.0/armtools/bin/../lib/gcc/arm-atollic-eabi/4.8.3/../../../../arm-atollic-eabi/lib/armv7e-m/fpu\libm.a(lib_a-s_atan.o)
 .debug_frame   0x00001ec8       0x20 c:/program files (x86)/atollic/truestudio for arm lite 5.3.0/armtools/bin/../lib/gcc/arm-atollic-eabi/4.8.3/../../../../arm-atollic-eabi/lib/armv7e-m/fpu\libm.a(lib_a-s_fabs.o)
 .debug_frame   0x00001ee8       0x20 c:/program files (x86)/atollic/truestudio for arm lite 5.3.0/armtools/bin/../lib/gcc/arm-atollic-eabi/4.8.3/../../../../arm-atollic-eabi/lib/armv7e-m/fpu\libm.a(lib_a-s_finite.o)
 .debug_frame   0x00001f08       0x28 c:/program files (x86)/atollic/truestudio for arm lite 5.3.0/armtools/bin/../lib/gcc/arm-atollic-eabi/4.8.3/../../../../arm-atollic-eabi/lib/armv7e-m/fpu\libm.a(lib_a-s_fpclassify.o)
 .debug_frame   0x00001f30       0x20 c:/program files (x86)/atollic/truestudio for arm lite 5.3.0/armtools/bin/../lib/gcc/arm-atollic-eabi/4.8.3/../../../../arm-atollic-eabi/lib/armv7e-m/fpu\libm.a(lib_a-s_matherr.o)
 .debug_frame   0x00001f50       0x20 c:/program files (x86)/atollic/truestudio for arm lite 5.3.0/armtools/bin/../lib/gcc/arm-atollic-eabi/4.8.3/../../../../arm-atollic-eabi/lib/armv7e-m/fpu\libm.a(lib_a-s_nan.o)
 .debug_frame   0x00001f70       0x34 c:/program files (x86)/atollic/truestudio for arm lite 5.3.0/armtools/bin/../lib/gcc/arm-atollic-eabi/4.8.3/../../../../arm-atollic-eabi/lib/armv7e-m/fpu\libm.a(lib_a-s_rint.o)
 .debug_frame   0x00001fa4       0x2c c:/program files (x86)/atollic/truestudio for arm lite 5.3.0/armtools/bin/../lib/gcc/arm-atollic-eabi/4.8.3/../../../../arm-atollic-eabi/lib/armv7e-m/fpu\libm.a(lib_a-s_scalbn.o)
 .debug_frame   0x00001fd0       0x2c c:/program files (x86)/atollic/truestudio for arm lite 5.3.0/armtools/bin/../lib/gcc/arm-atollic-eabi/4.8.3/../../../../arm-atollic-eabi/lib/armv7e-m/fpu\libm.a(lib_a-s_copysign.o)
 .debug_frame   0x00001ffc       0x20 c:/program files (x86)/atollic/truestudio for arm lite 5.3.0/armtools/bin/../lib/gcc/arm-atollic-eabi/4.8.3/../../../../arm-atollic-eabi/lib/armv7e-m/fpu\libc_s.a(lib_a-errno.o)

Cross Reference Table

Symbol                                            File
ADC_AnalogWatchdogCmd                             Libraries\STM32F4xx_StdPeriph_Driver\src\stm32f4xx_adc.o
ADC_AnalogWatchdogSingleChannelConfig             Libraries\STM32F4xx_StdPeriph_Driver\src\stm32f4xx_adc.o
ADC_AnalogWatchdogThresholdsConfig                Libraries\STM32F4xx_StdPeriph_Driver\src\stm32f4xx_adc.o
ADC_AutoInjectedConvCmd                           Libraries\STM32F4xx_StdPeriph_Driver\src\stm32f4xx_adc.o
ADC_ClearFlag                                     Libraries\STM32F4xx_StdPeriph_Driver\src\stm32f4xx_adc.o
ADC_ClearITPendingBit                             Libraries\STM32F4xx_StdPeriph_Driver\src\stm32f4xx_adc.o
ADC_Cmd                                           Libraries\STM32F4xx_StdPeriph_Driver\src\stm32f4xx_adc.o
ADC_CommonInit                                    Libraries\STM32F4xx_StdPeriph_Driver\src\stm32f4xx_adc.o
ADC_CommonStructInit                              Libraries\STM32F4xx_StdPeriph_Driver\src\stm32f4xx_adc.o
ADC_ContinuousModeCmd                             Libraries\STM32F4xx_StdPeriph_Driver\src\stm32f4xx_adc.o
ADC_DMACmd                                        Libraries\STM32F4xx_StdPeriph_Driver\src\stm32f4xx_adc.o
ADC_DMARequestAfterLastTransferCmd                Libraries\STM32F4xx_StdPeriph_Driver\src\stm32f4xx_adc.o
ADC_DeInit                                        Libraries\STM32F4xx_StdPeriph_Driver\src\stm32f4xx_adc.o
ADC_DiscModeChannelCountConfig                    Libraries\STM32F4xx_StdPeriph_Driver\src\stm32f4xx_adc.o
ADC_DiscModeCmd                                   Libraries\STM32F4xx_StdPeriph_Driver\src\stm32f4xx_adc.o
ADC_EOCOnEachRegularChannelCmd                    Libraries\STM32F4xx_StdPeriph_Driver\src\stm32f4xx_adc.o
ADC_ExternalTrigInjectedConvConfig                Libraries\STM32F4xx_StdPeriph_Driver\src\stm32f4xx_adc.o
ADC_ExternalTrigInjectedConvEdgeConfig            Libraries\STM32F4xx_StdPeriph_Driver\src\stm32f4xx_adc.o
ADC_GetConversionValue                            Libraries\STM32F4xx_StdPeriph_Driver\src\stm32f4xx_adc.o
ADC_GetFlagStatus                                 Libraries\STM32F4xx_StdPeriph_Driver\src\stm32f4xx_adc.o
ADC_GetITStatus                                   Libraries\STM32F4xx_StdPeriph_Driver\src\stm32f4xx_adc.o
ADC_GetInjectedConversionValue                    Libraries\STM32F4xx_StdPeriph_Driver\src\stm32f4xx_adc.o
ADC_GetMultiModeConversionValue                   Libraries\STM32F4xx_StdPeriph_Driver\src\stm32f4xx_adc.o
ADC_GetSoftwareStartConvStatus                    Libraries\STM32F4xx_StdPeriph_Driver\src\stm32f4xx_adc.o
ADC_GetSoftwareStartInjectedConvCmdStatus         Libraries\STM32F4xx_StdPeriph_Driver\src\stm32f4xx_adc.o
ADC_IRQHandler                                    src\startup_stm32f40xx.o
ADC_ITConfig                                      Libraries\STM32F4xx_StdPeriph_Driver\src\stm32f4xx_adc.o
ADC_Init                                          Libraries\STM32F4xx_StdPeriph_Driver\src\stm32f4xx_adc.o
ADC_InjectedChannelConfig                         Libraries\STM32F4xx_StdPeriph_Driver\src\stm32f4xx_adc.o
ADC_InjectedDiscModeCmd                           Libraries\STM32F4xx_StdPeriph_Driver\src\stm32f4xx_adc.o
ADC_InjectedSequencerLengthConfig                 Libraries\STM32F4xx_StdPeriph_Driver\src\stm32f4xx_adc.o
ADC_MultiModeDMARequestAfterLastTransferCmd       Libraries\STM32F4xx_StdPeriph_Driver\src\stm32f4xx_adc.o
ADC_RegularChannelConfig                          Libraries\STM32F4xx_StdPeriph_Driver\src\stm32f4xx_adc.o
ADC_SetInjectedOffset                             Libraries\STM32F4xx_StdPeriph_Driver\src\stm32f4xx_adc.o
ADC_SoftwareStartConv                             Libraries\STM32F4xx_StdPeriph_Driver\src\stm32f4xx_adc.o
ADC_SoftwareStartInjectedConv                     Libraries\STM32F4xx_StdPeriph_Driver\src\stm32f4xx_adc.o
ADC_StructInit                                    Libraries\STM32F4xx_StdPeriph_Driver\src\stm32f4xx_adc.o
ADC_TempSensorVrefintCmd                          Libraries\STM32F4xx_StdPeriph_Driver\src\stm32f4xx_adc.o
ADC_VBATCmd                                       Libraries\STM32F4xx_StdPeriph_Driver\src\stm32f4xx_adc.o
AHBPrescTable                                     src\system_stm32f4xx.o
AUDIO_MAL_DMA_CHANNEL                             Utilities\STM32F4-Discovery\stm32f4_discovery_audio_codec.o
AUDIO_MAL_DMA_CLOCK                               Utilities\STM32F4-Discovery\stm32f4_discovery_audio_codec.o
AUDIO_MAL_DMA_DREG                                Utilities\STM32F4-Discovery\stm32f4_discovery_audio_codec.o
AUDIO_MAL_DMA_FLAG_DME                            Utilities\STM32F4-Discovery\stm32f4_discovery_audio_codec.o
AUDIO_MAL_DMA_FLAG_FE                             Utilities\STM32F4-Discovery\stm32f4_discovery_audio_codec.o
AUDIO_MAL_DMA_FLAG_HT                             Utilities\STM32F4-Discovery\stm32f4_discovery_audio_codec.o
AUDIO_MAL_DMA_FLAG_TC                             Utilities\STM32F4-Discovery\stm32f4_discovery_audio_codec.o
AUDIO_MAL_DMA_FLAG_TE                             Utilities\STM32F4-Discovery\stm32f4_discovery_audio_codec.o
AUDIO_MAL_DMA_IRQ                                 Utilities\STM32F4-Discovery\stm32f4_discovery_audio_codec.o
AUDIO_MAL_DMA_InitStructure                       Utilities\STM32F4-Discovery\stm32f4_discovery_audio_codec.o
AUDIO_MAL_DMA_STREAM                              Utilities\STM32F4-Discovery\stm32f4_discovery_audio_codec.o
AudioRemSize                                      Utilities\STM32F4-Discovery\stm32f4_discovery_audio_codec.o
AudioTotalSize                                    Utilities\STM32F4-Discovery\stm32f4_discovery_audio_codec.o
Audio_MAL_Play                                    Utilities\STM32F4-Discovery\stm32f4_discovery_audio_codec.o
BUTTON_CLK                                        Utilities\STM32F4-Discovery\stm32f4_discovery.o
BUTTON_EXTI_LINE                                  Utilities\STM32F4-Discovery\stm32f4_discovery.o
BUTTON_IRQn                                       Utilities\STM32F4-Discovery\stm32f4_discovery.o
BUTTON_PIN                                        Utilities\STM32F4-Discovery\stm32f4_discovery.o
BUTTON_PIN_SOURCE                                 Utilities\STM32F4-Discovery\stm32f4_discovery.o
BUTTON_PORT                                       Utilities\STM32F4-Discovery\stm32f4_discovery.o
BUTTON_PORT_SOURCE                                Utilities\STM32F4-Discovery\stm32f4_discovery.o
BusFault_Handler                                  src\stm32f4xx_it.o
CAN1_RX0_IRQHandler                               src\startup_stm32f40xx.o
CAN1_RX1_IRQHandler                               src\startup_stm32f40xx.o
CAN1_SCE_IRQHandler                               src\startup_stm32f40xx.o
CAN1_TX_IRQHandler                                src\startup_stm32f40xx.o
CAN2_RX0_IRQHandler                               src\startup_stm32f40xx.o
CAN2_RX1_IRQHandler                               src\startup_stm32f40xx.o
CAN2_SCE_IRQHandler                               src\startup_stm32f40xx.o
CAN2_TX_IRQHandler                                src\startup_stm32f40xx.o
CAN_CancelTransmit                                Libraries\STM32F4xx_StdPeriph_Driver\src\stm32f4xx_can.o
CAN_ClearFlag                                     Libraries\STM32F4xx_StdPeriph_Driver\src\stm32f4xx_can.o
CAN_ClearITPendingBit                             Libraries\STM32F4xx_StdPeriph_Driver\src\stm32f4xx_can.o
CAN_DBGFreeze                                     Libraries\STM32F4xx_StdPeriph_Driver\src\stm32f4xx_can.o
CAN_DeInit                                        Libraries\STM32F4xx_StdPeriph_Driver\src\stm32f4xx_can.o
CAN_FIFORelease                                   Libraries\STM32F4xx_StdPeriph_Driver\src\stm32f4xx_can.o
CAN_FilterInit                                    Libraries\STM32F4xx_StdPeriph_Driver\src\stm32f4xx_can.o
CAN_GetFlagStatus                                 Libraries\STM32F4xx_StdPeriph_Driver\src\stm32f4xx_can.o
CAN_GetITStatus                                   Libraries\STM32F4xx_StdPeriph_Driver\src\stm32f4xx_can.o
CAN_GetLSBTransmitErrorCounter                    Libraries\STM32F4xx_StdPeriph_Driver\src\stm32f4xx_can.o
CAN_GetLastErrorCode                              Libraries\STM32F4xx_StdPeriph_Driver\src\stm32f4xx_can.o
CAN_GetReceiveErrorCounter                        Libraries\STM32F4xx_StdPeriph_Driver\src\stm32f4xx_can.o
CAN_ITConfig                                      Libraries\STM32F4xx_StdPeriph_Driver\src\stm32f4xx_can.o
CAN_Init                                          Libraries\STM32F4xx_StdPeriph_Driver\src\stm32f4xx_can.o
CAN_MessagePending                                Libraries\STM32F4xx_StdPeriph_Driver\src\stm32f4xx_can.o
CAN_OperatingModeRequest                          Libraries\STM32F4xx_StdPeriph_Driver\src\stm32f4xx_can.o
CAN_Receive                                       Libraries\STM32F4xx_StdPeriph_Driver\src\stm32f4xx_can.o
CAN_SlaveStartBank                                Libraries\STM32F4xx_StdPeriph_Driver\src\stm32f4xx_can.o
CAN_Sleep                                         Libraries\STM32F4xx_StdPeriph_Driver\src\stm32f4xx_can.o
CAN_StructInit                                    Libraries\STM32F4xx_StdPeriph_Driver\src\stm32f4xx_can.o
CAN_TTComModeCmd                                  Libraries\STM32F4xx_StdPeriph_Driver\src\stm32f4xx_can.o
CAN_Transmit                                      Libraries\STM32F4xx_StdPeriph_Driver\src\stm32f4xx_can.o
CAN_TransmitStatus                                Libraries\STM32F4xx_StdPeriph_Driver\src\stm32f4xx_can.o
CAN_WakeUp                                        Libraries\STM32F4xx_StdPeriph_Driver\src\stm32f4xx_can.o
CODECTimeout                                      Utilities\STM32F4-Discovery\stm32f4_discovery_audio_codec.o
CRC_CalcBlockCRC                                  Libraries\STM32F4xx_StdPeriph_Driver\src\stm32f4xx_crc.o
CRC_CalcCRC                                       Libraries\STM32F4xx_StdPeriph_Driver\src\stm32f4xx_crc.o
CRC_GetCRC                                        Libraries\STM32F4xx_StdPeriph_Driver\src\stm32f4xx_crc.o
CRC_GetIDRegister                                 Libraries\STM32F4xx_StdPeriph_Driver\src\stm32f4xx_crc.o
CRC_ResetDR                                       Libraries\STM32F4xx_StdPeriph_Driver\src\stm32f4xx_crc.o
CRC_SetIDRegister                                 Libraries\STM32F4xx_StdPeriph_Driver\src\stm32f4xx_crc.o
CRYP_AES_CBC                                      Libraries\STM32F4xx_StdPeriph_Driver\src\stm32f4xx_cryp_aes.o
CRYP_AES_CCM                                      Libraries\STM32F4xx_StdPeriph_Driver\src\stm32f4xx_cryp_aes.o
CRYP_AES_CTR                                      Libraries\STM32F4xx_StdPeriph_Driver\src\stm32f4xx_cryp_aes.o
CRYP_AES_ECB                                      Libraries\STM32F4xx_StdPeriph_Driver\src\stm32f4xx_cryp_aes.o
CRYP_AES_GCM                                      Libraries\STM32F4xx_StdPeriph_Driver\src\stm32f4xx_cryp_aes.o
CRYP_Cmd                                          Libraries\STM32F4xx_StdPeriph_Driver\src\stm32f4xx_cryp.o
                                                  Libraries\STM32F4xx_StdPeriph_Driver\src\stm32f4xx_cryp_aes.o
                                                  Libraries\STM32F4xx_StdPeriph_Driver\src\stm32f4xx_cryp_des.o
                                                  Libraries\STM32F4xx_StdPeriph_Driver\src\stm32f4xx_cryp_tdes.o
CRYP_DES_CBC                                      Libraries\STM32F4xx_StdPeriph_Driver\src\stm32f4xx_cryp_des.o
CRYP_DES_ECB                                      Libraries\STM32F4xx_StdPeriph_Driver\src\stm32f4xx_cryp_des.o
CRYP_DMACmd                                       Libraries\STM32F4xx_StdPeriph_Driver\src\stm32f4xx_cryp.o
CRYP_DataIn                                       Libraries\STM32F4xx_StdPeriph_Driver\src\stm32f4xx_cryp.o
                                                  Libraries\STM32F4xx_StdPeriph_Driver\src\stm32f4xx_cryp_aes.o
                                                  Libraries\STM32F4xx_StdPeriph_Driver\src\stm32f4xx_cryp_des.o
                                                  Libraries\STM32F4xx_StdPeriph_Driver\src\stm32f4xx_cryp_tdes.o
CRYP_DataOut                                      Libraries\STM32F4xx_StdPeriph_Driver\src\stm32f4xx_cryp.o
                                                  Libraries\STM32F4xx_StdPeriph_Driver\src\stm32f4xx_cryp_aes.o
                                                  Libraries\STM32F4xx_StdPeriph_Driver\src\stm32f4xx_cryp_des.o
                                                  Libraries\STM32F4xx_StdPeriph_Driver\src\stm32f4xx_cryp_tdes.o
CRYP_DeInit                                       Libraries\STM32F4xx_StdPeriph_Driver\src\stm32f4xx_cryp.o
CRYP_FIFOFlush                                    Libraries\STM32F4xx_StdPeriph_Driver\src\stm32f4xx_cryp.o
                                                  Libraries\STM32F4xx_StdPeriph_Driver\src\stm32f4xx_cryp_aes.o
                                                  Libraries\STM32F4xx_StdPeriph_Driver\src\stm32f4xx_cryp_des.o
                                                  Libraries\STM32F4xx_StdPeriph_Driver\src\stm32f4xx_cryp_tdes.o
CRYP_GetCmdStatus                                 Libraries\STM32F4xx_StdPeriph_Driver\src\stm32f4xx_cryp.o
                                                  Libraries\STM32F4xx_StdPeriph_Driver\src\stm32f4xx_cryp_aes.o
                                                  Libraries\STM32F4xx_StdPeriph_Driver\src\stm32f4xx_cryp_des.o
                                                  Libraries\STM32F4xx_StdPeriph_Driver\src\stm32f4xx_cryp_tdes.o
CRYP_GetFlagStatus                                Libraries\STM32F4xx_StdPeriph_Driver\src\stm32f4xx_cryp.o
                                                  Libraries\STM32F4xx_StdPeriph_Driver\src\stm32f4xx_cryp_aes.o
                                                  Libraries\STM32F4xx_StdPeriph_Driver\src\stm32f4xx_cryp_des.o
                                                  Libraries\STM32F4xx_StdPeriph_Driver\src\stm32f4xx_cryp_tdes.o
CRYP_GetITStatus                                  Libraries\STM32F4xx_StdPeriph_Driver\src\stm32f4xx_cryp.o
CRYP_IRQHandler                                   src\startup_stm32f40xx.o
CRYP_ITConfig                                     Libraries\STM32F4xx_StdPeriph_Driver\src\stm32f4xx_cryp.o
CRYP_IVInit                                       Libraries\STM32F4xx_StdPeriph_Driver\src\stm32f4xx_cryp.o
                                                  Libraries\STM32F4xx_StdPeriph_Driver\src\stm32f4xx_cryp_aes.o
                                                  Libraries\STM32F4xx_StdPeriph_Driver\src\stm32f4xx_cryp_des.o
                                                  Libraries\STM32F4xx_StdPeriph_Driver\src\stm32f4xx_cryp_tdes.o
CRYP_IVStructInit                                 Libraries\STM32F4xx_StdPeriph_Driver\src\stm32f4xx_cryp.o
CRYP_Init                                         Libraries\STM32F4xx_StdPeriph_Driver\src\stm32f4xx_cryp.o
                                                  Libraries\STM32F4xx_StdPeriph_Driver\src\stm32f4xx_cryp_aes.o
                                                  Libraries\STM32F4xx_StdPeriph_Driver\src\stm32f4xx_cryp_des.o
                                                  Libraries\STM32F4xx_StdPeriph_Driver\src\stm32f4xx_cryp_tdes.o
CRYP_KeyInit                                      Libraries\STM32F4xx_StdPeriph_Driver\src\stm32f4xx_cryp.o
                                                  Libraries\STM32F4xx_StdPeriph_Driver\src\stm32f4xx_cryp_aes.o
                                                  Libraries\STM32F4xx_StdPeriph_Driver\src\stm32f4xx_cryp_des.o
                                                  Libraries\STM32F4xx_StdPeriph_Driver\src\stm32f4xx_cryp_tdes.o
CRYP_KeyStructInit                                Libraries\STM32F4xx_StdPeriph_Driver\src\stm32f4xx_cryp.o
                                                  Libraries\STM32F4xx_StdPeriph_Driver\src\stm32f4xx_cryp_aes.o
                                                  Libraries\STM32F4xx_StdPeriph_Driver\src\stm32f4xx_cryp_des.o
                                                  Libraries\STM32F4xx_StdPeriph_Driver\src\stm32f4xx_cryp_tdes.o
CRYP_PhaseConfig                                  Libraries\STM32F4xx_StdPeriph_Driver\src\stm32f4xx_cryp.o
                                                  Libraries\STM32F4xx_StdPeriph_Driver\src\stm32f4xx_cryp_aes.o
CRYP_RestoreContext                               Libraries\STM32F4xx_StdPeriph_Driver\src\stm32f4xx_cryp.o
CRYP_SaveContext                                  Libraries\STM32F4xx_StdPeriph_Driver\src\stm32f4xx_cryp.o
CRYP_StructInit                                   Libraries\STM32F4xx_StdPeriph_Driver\src\stm32f4xx_cryp.o
CRYP_TDES_CBC                                     Libraries\STM32F4xx_StdPeriph_Driver\src\stm32f4xx_cryp_tdes.o
CRYP_TDES_ECB                                     Libraries\STM32F4xx_StdPeriph_Driver\src\stm32f4xx_cryp_tdes.o
Codec_TIMEOUT_UserCallback                        Utilities\STM32F4-Discovery\stm32f4_discovery_audio_codec.o
CurrAudioInterface                                Utilities\STM32F4-Discovery\stm32f4_discovery_audio_codec.o
CurrentPos                                        Utilities\STM32F4-Discovery\stm32f4_discovery_audio_codec.o
DACBuffer                                         src\main.o
DACBufferSize                                     src\main.o
DAC_ClearFlag                                     Libraries\STM32F4xx_StdPeriph_Driver\src\stm32f4xx_dac.o
DAC_ClearITPendingBit                             Libraries\STM32F4xx_StdPeriph_Driver\src\stm32f4xx_dac.o
DAC_Cmd                                           Libraries\STM32F4xx_StdPeriph_Driver\src\stm32f4xx_dac.o
                                                  Utilities\STM32F4-Discovery\stm32f4_discovery_audio_codec.o
DAC_Config                                        Utilities\STM32F4-Discovery\stm32f4_discovery_audio_codec.o
DAC_DMACmd                                        Libraries\STM32F4xx_StdPeriph_Driver\src\stm32f4xx_dac.o
DAC_DeInit                                        Libraries\STM32F4xx_StdPeriph_Driver\src\stm32f4xx_dac.o
DAC_DualSoftwareTriggerCmd                        Libraries\STM32F4xx_StdPeriph_Driver\src\stm32f4xx_dac.o
DAC_GetDataOutputValue                            Libraries\STM32F4xx_StdPeriph_Driver\src\stm32f4xx_dac.o
DAC_GetFlagStatus                                 Libraries\STM32F4xx_StdPeriph_Driver\src\stm32f4xx_dac.o
DAC_GetITStatus                                   Libraries\STM32F4xx_StdPeriph_Driver\src\stm32f4xx_dac.o
DAC_ITConfig                                      Libraries\STM32F4xx_StdPeriph_Driver\src\stm32f4xx_dac.o
DAC_Init                                          Libraries\STM32F4xx_StdPeriph_Driver\src\stm32f4xx_dac.o
                                                  Utilities\STM32F4-Discovery\stm32f4_discovery_audio_codec.o
DAC_SetChannel1Data                               Libraries\STM32F4xx_StdPeriph_Driver\src\stm32f4xx_dac.o
                                                  Utilities\STM32F4-Discovery\stm32f4_discovery_audio_codec.o
DAC_SetChannel2Data                               Libraries\STM32F4xx_StdPeriph_Driver\src\stm32f4xx_dac.o
DAC_SetDualChannelData                            Libraries\STM32F4xx_StdPeriph_Driver\src\stm32f4xx_dac.o
DAC_SoftwareTriggerCmd                            Libraries\STM32F4xx_StdPeriph_Driver\src\stm32f4xx_dac.o
DAC_StructInit                                    Libraries\STM32F4xx_StdPeriph_Driver\src\stm32f4xx_dac.o
DAC_WaveGenerationCmd                             Libraries\STM32F4xx_StdPeriph_Driver\src\stm32f4xx_dac.o
DBGMCU_APB1PeriphConfig                           Libraries\STM32F4xx_StdPeriph_Driver\src\stm32f4xx_dbgmcu.o
DBGMCU_APB2PeriphConfig                           Libraries\STM32F4xx_StdPeriph_Driver\src\stm32f4xx_dbgmcu.o
DBGMCU_Config                                     Libraries\STM32F4xx_StdPeriph_Driver\src\stm32f4xx_dbgmcu.o
DBGMCU_GetDEVID                                   Libraries\STM32F4xx_StdPeriph_Driver\src\stm32f4xx_dbgmcu.o
DBGMCU_GetREVID                                   Libraries\STM32F4xx_StdPeriph_Driver\src\stm32f4xx_dbgmcu.o
DCMI_CROPCmd                                      Libraries\STM32F4xx_StdPeriph_Driver\src\stm32f4xx_dcmi.o
DCMI_CROPConfig                                   Libraries\STM32F4xx_StdPeriph_Driver\src\stm32f4xx_dcmi.o
DCMI_CaptureCmd                                   Libraries\STM32F4xx_StdPeriph_Driver\src\stm32f4xx_dcmi.o
DCMI_ClearFlag                                    Libraries\STM32F4xx_StdPeriph_Driver\src\stm32f4xx_dcmi.o
DCMI_ClearITPendingBit                            Libraries\STM32F4xx_StdPeriph_Driver\src\stm32f4xx_dcmi.o
DCMI_Cmd                                          Libraries\STM32F4xx_StdPeriph_Driver\src\stm32f4xx_dcmi.o
DCMI_DeInit                                       Libraries\STM32F4xx_StdPeriph_Driver\src\stm32f4xx_dcmi.o
DCMI_GetFlagStatus                                Libraries\STM32F4xx_StdPeriph_Driver\src\stm32f4xx_dcmi.o
DCMI_GetITStatus                                  Libraries\STM32F4xx_StdPeriph_Driver\src\stm32f4xx_dcmi.o
DCMI_IRQHandler                                   src\startup_stm32f40xx.o
DCMI_ITConfig                                     Libraries\STM32F4xx_StdPeriph_Driver\src\stm32f4xx_dcmi.o
DCMI_Init                                         Libraries\STM32F4xx_StdPeriph_Driver\src\stm32f4xx_dcmi.o
DCMI_JPEGCmd                                      Libraries\STM32F4xx_StdPeriph_Driver\src\stm32f4xx_dcmi.o
DCMI_ReadData                                     Libraries\STM32F4xx_StdPeriph_Driver\src\stm32f4xx_dcmi.o
DCMI_SetEmbeddedSynchroCodes                      Libraries\STM32F4xx_StdPeriph_Driver\src\stm32f4xx_dcmi.o
DCMI_StructInit                                   Libraries\STM32F4xx_StdPeriph_Driver\src\stm32f4xx_dcmi.o
DMA1_Stream0_IRQHandler                           Utilities\STM32F4-Discovery\stm32f4_discovery_audio_codec.o
                                                  src\startup_stm32f40xx.o
DMA1_Stream1_IRQHandler                           src\startup_stm32f40xx.o
DMA1_Stream2_IRQHandler                           src\startup_stm32f40xx.o
DMA1_Stream3_IRQHandler                           src\startup_stm32f40xx.o
DMA1_Stream4_IRQHandler                           src\startup_stm32f40xx.o
DMA1_Stream5_IRQHandler                           src\startup_stm32f40xx.o
DMA1_Stream6_IRQHandler                           src\startup_stm32f40xx.o
DMA1_Stream7_IRQHandler                           Utilities\STM32F4-Discovery\stm32f4_discovery_audio_codec.o
                                                  src\startup_stm32f40xx.o
DMA2_Stream0_IRQHandler                           src\startup_stm32f40xx.o
DMA2_Stream1_IRQHandler                           src\startup_stm32f40xx.o
DMA2_Stream2_IRQHandler                           src\startup_stm32f40xx.o
DMA2_Stream3_IRQHandler                           src\startup_stm32f40xx.o
DMA2_Stream4_IRQHandler                           src\startup_stm32f40xx.o
DMA2_Stream5_IRQHandler                           src\startup_stm32f40xx.o
DMA2_Stream6_IRQHandler                           src\startup_stm32f40xx.o
DMA2_Stream7_IRQHandler                           src\startup_stm32f40xx.o
DMA_ClearFlag                                     Libraries\STM32F4xx_StdPeriph_Driver\src\stm32f4xx_dma.o
                                                  Utilities\STM32F4-Discovery\stm32f4_discovery_audio_codec.o
DMA_ClearITPendingBit                             Libraries\STM32F4xx_StdPeriph_Driver\src\stm32f4xx_dma.o
DMA_Cmd                                           Libraries\STM32F4xx_StdPeriph_Driver\src\stm32f4xx_dma.o
                                                  Utilities\STM32F4-Discovery\stm32f4_discovery_audio_codec.o
DMA_DeInit                                        Libraries\STM32F4xx_StdPeriph_Driver\src\stm32f4xx_dma.o
                                                  Utilities\STM32F4-Discovery\stm32f4_discovery_audio_codec.o
DMA_DoubleBufferModeCmd                           Libraries\STM32F4xx_StdPeriph_Driver\src\stm32f4xx_dma.o
DMA_DoubleBufferModeConfig                        Libraries\STM32F4xx_StdPeriph_Driver\src\stm32f4xx_dma.o
DMA_FlowControllerConfig                          Libraries\STM32F4xx_StdPeriph_Driver\src\stm32f4xx_dma.o
DMA_GetCmdStatus                                  Libraries\STM32F4xx_StdPeriph_Driver\src\stm32f4xx_dma.o
                                                  Utilities\STM32F4-Discovery\stm32f4_discovery_audio_codec.o
DMA_GetCurrDataCounter                            Libraries\STM32F4xx_StdPeriph_Driver\src\stm32f4xx_dma.o
DMA_GetCurrentMemoryTarget                        Libraries\STM32F4xx_StdPeriph_Driver\src\stm32f4xx_dma.o
DMA_GetFIFOStatus                                 Libraries\STM32F4xx_StdPeriph_Driver\src\stm32f4xx_dma.o
DMA_GetFlagStatus                                 Libraries\STM32F4xx_StdPeriph_Driver\src\stm32f4xx_dma.o
                                                  Utilities\STM32F4-Discovery\stm32f4_discovery_audio_codec.o
DMA_GetITStatus                                   Libraries\STM32F4xx_StdPeriph_Driver\src\stm32f4xx_dma.o
DMA_ITConfig                                      Libraries\STM32F4xx_StdPeriph_Driver\src\stm32f4xx_dma.o
                                                  Utilities\STM32F4-Discovery\stm32f4_discovery_audio_codec.o
DMA_Init                                          Libraries\STM32F4xx_StdPeriph_Driver\src\stm32f4xx_dma.o
                                                  Utilities\STM32F4-Discovery\stm32f4_discovery_audio_codec.o
DMA_InitStructure                                 Utilities\STM32F4-Discovery\stm32f4_discovery_audio_codec.o
DMA_MemoryTargetConfig                            Libraries\STM32F4xx_StdPeriph_Driver\src\stm32f4xx_dma.o
DMA_PeriphIncOffsetSizeConfig                     Libraries\STM32F4xx_StdPeriph_Driver\src\stm32f4xx_dma.o
DMA_SetCurrDataCounter                            Libraries\STM32F4xx_StdPeriph_Driver\src\stm32f4xx_dma.o
DMA_StructInit                                    Libraries\STM32F4xx_StdPeriph_Driver\src\stm32f4xx_dma.o
DebugMon_Handler                                  src\stm32f4xx_it.o
Default_Handler                                   src\startup_stm32f40xx.o
ETH_IRQHandler                                    src\startup_stm32f40xx.o
ETH_WKUP_IRQHandler                               src\startup_stm32f40xx.o
EVAL_AUDIO_DeInit                                 Utilities\STM32F4-Discovery\stm32f4_discovery_audio_codec.o
EVAL_AUDIO_GetSampleCallBack                      src\main.o
                                                  Utilities\STM32F4-Discovery\stm32f4_discovery_audio_codec.o
EVAL_AUDIO_Init                                   Utilities\STM32F4-Discovery\stm32f4_discovery_audio_codec.o
EVAL_AUDIO_Mute                                   Utilities\STM32F4-Discovery\stm32f4_discovery_audio_codec.o
EVAL_AUDIO_PauseResume                            Utilities\STM32F4-Discovery\stm32f4_discovery_audio_codec.o
EVAL_AUDIO_Play                                   Utilities\STM32F4-Discovery\stm32f4_discovery_audio_codec.o
EVAL_AUDIO_SetAudioInterface                      Utilities\STM32F4-Discovery\stm32f4_discovery_audio_codec.o
EVAL_AUDIO_Stop                                   Utilities\STM32F4-Discovery\stm32f4_discovery_audio_codec.o
EVAL_AUDIO_TransferComplete_CallBack              src\main.o
                                                  Utilities\STM32F4-Discovery\stm32f4_discovery_audio_codec.o
EVAL_AUDIO_VolumeCtl                              Utilities\STM32F4-Discovery\stm32f4_discovery_audio_codec.o
EXTI0_IRQHandler                                  src\startup_stm32f40xx.o
EXTI15_10_IRQHandler                              src\startup_stm32f40xx.o
EXTI1_IRQHandler                                  src\startup_stm32f40xx.o
EXTI2_IRQHandler                                  src\startup_stm32f40xx.o
EXTI3_IRQHandler                                  src\startup_stm32f40xx.o
EXTI4_IRQHandler                                  src\startup_stm32f40xx.o
EXTI9_5_IRQHandler                                src\startup_stm32f40xx.o
EXTI_ClearFlag                                    Libraries\STM32F4xx_StdPeriph_Driver\src\stm32f4xx_exti.o